10:42:26,596 INFO journal:Runtime journal is using 8.0M (max allowed 99.9M, trying to leave 149.9M free of 991.4M available â†’ current limit 99.9M).
10:42:26,596 INFO kernel:Initializing cgroup subsys cpuset
10:42:26,596 INFO kernel:Initializing cgroup subsys cpu
10:42:26,596 INFO kernel:Initializing cgroup subsys cpuacct
10:42:26,596 NOTICE kernel:Linux version 3.10.0-957.el7.x86_64 (mockbuild@x86-040.build.eng.bos.redhat.com) (gcc version 4.8.5 20150623 (Red Hat 4.8.5-36) (GCC) ) #1 SMP Thu Oct 4 20:48:51 UTC 2018
10:42:26,596 INFO kernel:Command line: initrd=initrd.img inst.stage2=hd:LABEL=RHEL-7.6\x20Server.x86_64 quiet BOOT_IMAGE=vmlinuz 
10:42:26,596 INFO kernel:e820: BIOS-provided physical RAM map:
10:42:26,596 INFO kernel:BIOS-e820: [mem 0x0000000000000000-0x000000000009fbff] usable
10:42:26,596 INFO kernel:BIOS-e820: [mem 0x000000000009fc00-0x000000000009ffff] reserved
10:42:26,596 INFO kernel:BIOS-e820: [mem 0x00000000000f0000-0x00000000000fffff] reserved
10:42:26,596 INFO kernel:BIOS-e820: [mem 0x0000000000100000-0x000000007ffdafff] usable
10:42:26,596 INFO kernel:BIOS-e820: [mem 0x000000007ffdb000-0x000000007fffffff] reserved
10:42:26,596 INFO kernel:BIOS-e820: [mem 0x00000000feffc000-0x00000000feffffff] reserved
10:42:26,596 INFO kernel:BIOS-e820: [mem 0x00000000fffc0000-0x00000000ffffffff] reserved
10:42:26,596 INFO kernel:NX (Execute Disable) protection: active
10:42:26,596 INFO kernel:SMBIOS 2.8 present.
10:42:26,596 INFO kernel:DMI: QEMU Standard PC (i440FX + PIIX, 1996), BIOS rel-1.11.1-0-g0551a4be2c-prebuilt.qemu-project.org 04/01/2014
10:42:26,596 INFO kernel:Hypervisor detected: KVM
10:42:26,596 DEBUG kernel:e820: update [mem 0x00000000-0x00000fff] usable ==> reserved
10:42:26,596 DEBUG kernel:e820: remove [mem 0x000a0000-0x000fffff] usable
10:42:26,596 INFO kernel:AGP: No AGP bridge found
10:42:26,597 INFO kernel:e820: last_pfn = 0x7ffdb max_arch_pfn = 0x400000000
10:42:26,597 DEBUG kernel:MTRR default type: write-back
10:42:26,597 DEBUG kernel:MTRR fixed ranges enabled:
10:42:26,597 DEBUG kernel:  00000-9FFFF write-back
10:42:26,597 DEBUG kernel:  A0000-BFFFF uncachable
10:42:26,597 DEBUG kernel:  C0000-FFFFF write-protect
10:42:26,597 DEBUG kernel:MTRR variable ranges enabled:
10:42:26,597 DEBUG kernel:  0 base 0080000000 mask FF80000000 uncachable
10:42:26,597 DEBUG kernel:  1 disabled
10:42:26,597 DEBUG kernel:  2 disabled
10:42:26,597 DEBUG kernel:  3 disabled
10:42:26,597 DEBUG kernel:  4 disabled
10:42:26,597 DEBUG kernel:  5 disabled
10:42:26,597 DEBUG kernel:  6 disabled
10:42:26,597 DEBUG kernel:  7 disabled
10:42:26,597 INFO kernel:PAT configuration [0-7]: WB  WC  UC- UC  WB  WP  UC- UC  
10:42:26,597 INFO kernel:found SMP MP-table at [mem 0x000f5b50-0x000f5b5f] mapped at [ffffffffff200b50]
10:42:26,597 DEBUG kernel:Base memory trampoline at [ffff8fb780099000] 99000 size 24576
10:42:26,597 DEBUG kernel:BRK [0x1b652000, 0x1b652fff] PGTABLE
10:42:26,597 DEBUG kernel:BRK [0x1b653000, 0x1b653fff] PGTABLE
10:42:26,597 DEBUG kernel:BRK [0x1b654000, 0x1b654fff] PGTABLE
10:42:26,597 DEBUG kernel:BRK [0x1b655000, 0x1b655fff] PGTABLE
10:42:26,597 DEBUG kernel:BRK [0x1b656000, 0x1b656fff] PGTABLE
10:42:26,597 DEBUG kernel:BRK [0x1b657000, 0x1b657fff] PGTABLE
10:42:26,597 INFO kernel:RAMDISK: [mem 0x7cb77000-0x7ffb9fff]
10:42:26,597 INFO kernel:Early table checksum verification disabled
10:42:26,597 WARNING kernel:ACPI: RSDP 00000000000f5950 00014 (v00 BOCHS )
10:42:26,597 WARNING kernel:ACPI: RSDT 000000007ffe14f1 00034 (v01 BOCHS  BXPCRSDT 00000001 BXPC 00000001)
10:42:26,597 WARNING kernel:ACPI: FACP 000000007ffe12fb 00074 (v01 BOCHS  BXPCFACP 00000001 BXPC 00000001)
10:42:26,597 WARNING kernel:ACPI: DSDT 000000007ffdf040 022BB (v01 BOCHS  BXPCDSDT 00000001 BXPC 00000001)
10:42:26,597 WARNING kernel:ACPI: FACS 000000007ffdf000 00040
10:42:26,597 WARNING kernel:ACPI: APIC 000000007ffe136f 00080 (v01 BOCHS  BXPCAPIC 00000001 BXPC 00000001)
10:42:26,597 WARNING kernel:ACPI: SSDT 000000007ffe13ef 000CA (v01 BOCHS   VMGENID 00000001 BXPC 00000001)
10:42:26,597 WARNING kernel:ACPI: HPET 000000007ffe14b9 00038 (v01 BOCHS  BXPCHPET 00000001 BXPC 00000001)
10:42:26,597 DEBUG kernel:ACPI: Local APIC address 0xfee00000
10:42:26,597 INFO kernel:No NUMA configuration found
10:42:26,597 INFO kernel:Faking a node at [mem 0x0000000000000000-0x000000007ffdafff]
10:42:26,597 INFO kernel:NODE_DATA(0) allocated [mem 0x7cb50000-0x7cb76fff]
10:42:26,597 INFO kernel:kvm-clock: cpu 0, msr 0:7cb00001, primary cpu clock
10:42:26,597 INFO kernel:kvm-clock: Using msrs 4b564d01 and 4b564d00
10:42:26,597 INFO kernel:kvm-clock: using sched offset of 49365304266 cycles
10:42:26,597 WARNING kernel:Zone ranges:
10:42:26,597 WARNING kernel:  DMA      [mem 0x00001000-0x00ffffff]
10:42:26,597 WARNING kernel:  DMA32    [mem 0x01000000-0xffffffff]
10:42:26,597 WARNING kernel:  Normal   empty
10:42:26,597 WARNING kernel:Movable zone start for each node
10:42:26,597 WARNING kernel:Early memory node ranges
10:42:26,597 WARNING kernel:  node   0: [mem 0x00001000-0x0009efff]
10:42:26,597 WARNING kernel:  node   0: [mem 0x00100000-0x7ffdafff]
10:42:26,597 INFO kernel:Initmem setup node 0 [mem 0x00001000-0x7ffdafff]
10:42:26,597 DEBUG kernel:On node 0 totalpages: 524153
10:42:26,597 DEBUG kernel:  DMA zone: 64 pages used for memmap
10:42:26,597 DEBUG kernel:  DMA zone: 21 pages reserved
10:42:26,597 DEBUG kernel:  DMA zone: 3998 pages, LIFO batch:0
10:42:26,597 DEBUG kernel:  DMA32 zone: 8128 pages used for memmap
10:42:26,597 DEBUG kernel:  DMA32 zone: 520155 pages, LIFO batch:31
10:42:26,597 INFO kernel:ACPI: PM-Timer IO Port: 0x608
10:42:26,597 DEBUG kernel:ACPI: Local APIC address 0xfee00000
10:42:26,597 INFO kernel:ACPI: LAPIC (acpi_id[0x00] lapic_id[0x00] enabled)
10:42:26,597 INFO kernel:ACPI: LAPIC (acpi_id[0x01] lapic_id[0x01] enabled)
10:42:26,597 INFO kernel:ACPI: LAPIC_NMI (acpi_id[0xff] dfl dfl lint[0x1])
10:42:26,597 INFO kernel:ACPI: IOAPIC (id[0x00] address[0xfec00000] gsi_base[0])
10:42:26,597 INFO kernel:IOAPIC[0]: apic_id 0, version 17, address 0xfec00000, GSI 0-23
10:42:26,597 INFO kernel:ACPI: INT_SRC_OVR (bus 0 bus_irq 0 global_irq 2 dfl dfl)
10:42:26,597 INFO kernel:ACPI: INT_SRC_OVR (bus 0 bus_irq 5 global_irq 5 high level)
10:42:26,597 INFO kernel:ACPI: INT_SRC_OVR (bus 0 bus_irq 9 global_irq 9 high level)
10:42:26,597 INFO kernel:ACPI: INT_SRC_OVR (bus 0 bus_irq 10 global_irq 10 high level)
10:42:26,597 INFO kernel:ACPI: INT_SRC_OVR (bus 0 bus_irq 11 global_irq 11 high level)
10:42:26,597 DEBUG kernel:ACPI: IRQ0 used by override.
10:42:26,597 DEBUG kernel:ACPI: IRQ5 used by override.
10:42:26,597 DEBUG kernel:ACPI: IRQ9 used by override.
10:42:26,597 DEBUG kernel:ACPI: IRQ10 used by override.
10:42:26,597 DEBUG kernel:ACPI: IRQ11 used by override.
10:42:26,597 INFO kernel:Using ACPI (MADT) for SMP configuration information
10:42:26,597 INFO kernel:ACPI: HPET id: 0x8086a201 base: 0xfed00000
10:42:26,597 INFO kernel:smpboot: Allowing 2 CPUs, 0 hotplug CPUs
10:42:26,597 INFO kernel:PM: Registered nosave memory: [mem 0x0009f000-0x0009ffff]
10:42:26,597 INFO kernel:PM: Registered nosave memory: [mem 0x000a0000-0x000effff]
10:42:26,597 INFO kernel:PM: Registered nosave memory: [mem 0x000f0000-0x000fffff]
10:42:26,597 INFO kernel:e820: [mem 0x80000000-0xfeffbfff] available for PCI devices
10:42:26,597 INFO kernel:Booting paravirtualized kernel on KVM
10:42:26,597 INFO kernel:setup_percpu: NR_CPUS:5120 nr_cpumask_bits:2 nr_cpu_ids:2 nr_node_ids:1
10:42:26,597 INFO kernel:PERCPU: Embedded 38 pages/cpu @ffff8fb7fc800000 s118784 r8192 d28672 u1048576
10:42:26,597 DEBUG kernel:pcpu-alloc: s118784 r8192 d28672 u1048576 alloc=1*2097152
10:42:26,597 DEBUG kernel:pcpu-alloc: [0] 0 1 
10:42:26,597 INFO kernel:KVM setup async PF for cpu 0
10:42:26,597 INFO kernel:kvm-stealtime: cpu 0, msr 7c81c040
10:42:26,597 INFO kernel:PV qspinlock hash table entries: 256 (order: 0, 4096 bytes)
10:42:26,597 WARNING kernel:Built 1 zonelists in Node order, mobility grouping on.  Total pages: 515940
10:42:26,597 WARNING kernel:Policy zone: DMA32
10:42:26,597 NOTICE kernel:Kernel command line: initrd=initrd.img inst.stage2=hd:LABEL=RHEL-7.6\x20Server.x86_64 quiet BOOT_IMAGE=vmlinuz 
10:42:26,597 INFO kernel:PID hash table entries: 4096 (order: 3, 32768 bytes)
10:42:26,597 INFO kernel:AGP: Checking aperture...
10:42:26,597 INFO kernel:AGP: No AGP bridge found
10:42:26,597 INFO kernel:Memory: 1990396k/2097004k available (7664k kernel code, 392k absent, 106216k reserved, 6055k data, 1876k init)
10:42:26,597 INFO kernel:SLUB: HWalign=64, Order=0-3, MinObjects=0, CPUs=2, Nodes=1
10:42:26,597 INFO kernel:x86/pti: Unmapping kernel while in userspace
10:42:26,597 INFO kernel:Hierarchical RCU implementation.
10:42:26,597 INFO kernel:#011RCU restricting CPUs from NR_CPUS=5120 to nr_cpu_ids=2.
10:42:26,597 INFO kernel:NR_IRQS:327936 nr_irqs:440 0
10:42:26,598 INFO kernel:Console: colour VGA+ 80x25
10:42:26,598 INFO kernel:console [tty0] enabled
10:42:26,598 INFO kernel:allocated 8388608 bytes of page_cgroup
10:42:26,598 INFO kernel:please try 'cgroup_disable=memory' option if you don't want memory cgroups
10:42:26,598 DEBUG kernel:hpet clockevent registered
10:42:26,598 INFO kernel:tsc: Detected 2800.098 MHz processor
10:42:26,598 INFO kernel:Calibrating delay loop (skipped) preset value.. 5600.19 BogoMIPS (lpj=2800098)
10:42:26,598 INFO kernel:pid_max: default: 32768 minimum: 301
10:42:26,598 INFO kernel:Security Framework initialized
10:42:26,598 INFO kernel:SELinux:  Initializing.
10:42:26,598 DEBUG kernel:SELinux:  Starting in permissive mode
10:42:26,598 INFO kernel:Yama: becoming mindful.
10:42:26,598 INFO kernel:Dentry cache hash table entries: 262144 (order: 9, 2097152 bytes)
10:42:26,598 INFO kernel:Inode-cache hash table entries: 131072 (order: 8, 1048576 bytes)
10:42:26,598 INFO kernel:Mount-cache hash table entries: 4096 (order: 3, 32768 bytes)
10:42:26,598 INFO kernel:Mountpoint-cache hash table entries: 4096 (order: 3, 32768 bytes)
10:42:26,598 INFO kernel:Initializing cgroup subsys memory
10:42:26,598 INFO kernel:Initializing cgroup subsys devices
10:42:26,598 INFO kernel:Initializing cgroup subsys freezer
10:42:26,598 INFO kernel:Initializing cgroup subsys net_cls
10:42:26,598 INFO kernel:Initializing cgroup subsys blkio
10:42:26,598 INFO kernel:Initializing cgroup subsys perf_event
10:42:26,598 INFO kernel:Initializing cgroup subsys hugetlb
10:42:26,598 INFO kernel:Initializing cgroup subsys pids
10:42:26,598 INFO kernel:Initializing cgroup subsys net_prio
10:42:26,598 INFO kernel:mce: CPU supports 10 MCE banks
10:42:26,598 INFO kernel:Last level iTLB entries: 4KB 0, 2MB 0, 4MB 0
10:42:26,598 INFO kernel:Last level dTLB entries: 4KB 0, 2MB 0, 4MB 0
10:42:26,598 INFO kernel:tlb_flushall_shift: 6
10:42:26,598 INFO kernel:Speculative Store Bypass: Vulnerable
10:42:26,598 INFO kernel:FEATURE SPEC_CTRL Not Present
10:42:26,598 INFO kernel:FEATURE IBPB_SUPPORT Not Present
10:42:26,598 INFO kernel:Spectre V2 : Vulnerable: Retpoline without IBPB
10:42:26,598 INFO kernel:Freeing SMP alternatives: 28k freed
10:42:26,598 INFO kernel:ACPI: Core revision 20130517
10:42:26,598 WARNING kernel:ACPI: All ACPI Tables successfully acquired
10:42:26,598 INFO kernel:ftrace: allocating 29185 entries in 115 pages
10:42:26,598 INFO kernel:Enabling x2apic
10:42:26,598 INFO kernel:Enabled x2apic
10:42:26,598 INFO kernel:Switched APIC routing to physical x2apic.
10:42:26,598 INFO kernel:..TIMER: vector=0x30 apic1=0 pin1=2 apic2=-1 pin2=-1
10:42:26,598 INFO kernel:smpboot: CPU0: Intel Common KVM processor (fam: 0f, model: 06, stepping: 01)
10:42:26,598 INFO kernel:Performance Events: unsupported Netburst CPU model 6 no PMU driver, software events only.
10:42:26,598 INFO kernel:KVM setup paravirtual spinlock
10:42:26,598 INFO kernel:smpboot: Booting Node   0, Processors  #1 OK
10:42:26,598 INFO kernel:kvm-clock: cpu 1, msr 0:7cb00041, secondary cpu clock
10:42:26,598 INFO kernel:Brought up 2 CPUs
10:42:26,598 INFO kernel:smpboot: Max logical packages: 1
10:42:26,598 INFO kernel:smpboot: Total of 2 processors activated (11200.39 BogoMIPS)
10:42:26,598 INFO kernel:KVM setup async PF for cpu 1
10:42:26,598 INFO kernel:kvm-stealtime: cpu 1, msr 7c91c040
10:42:26,598 INFO kernel:devtmpfs: initialized
10:42:26,598 INFO kernel:EVM: security.selinux
10:42:26,598 INFO kernel:EVM: security.ima
10:42:26,598 INFO kernel:EVM: security.capability
10:42:26,598 INFO kernel:atomic64 test passed for x86-64 platform with CX8 and with SSE
10:42:26,598 INFO kernel:pinctrl core: initialized pinctrl subsystem
10:42:26,598 INFO kernel:RTC time: 10:42:21, date: 04/03/20
10:42:26,598 INFO kernel:NET: Registered protocol family 16
10:42:26,598 INFO kernel:ACPI: bus type PCI registered
10:42:26,598 INFO kernel:acpiphp: ACPI Hot Plug PCI Controller Driver version: 0.5
10:42:26,598 INFO kernel:PCI: Using configuration type 1 for base access
10:42:26,598 INFO kernel:ACPI: Added _OSI(Module Device)
10:42:26,598 INFO kernel:ACPI: Added _OSI(Processor Device)
10:42:26,598 INFO kernel:ACPI: Added _OSI(3.0 _SCP Extensions)
10:42:26,598 INFO kernel:ACPI: Added _OSI(Processor Aggregator Device)
10:42:26,598 INFO kernel:ACPI: Added _OSI(Linux-Dell-Video)
10:42:26,598 DEBUG kernel:ACPI: EC: Look up EC in DSDT
10:42:26,598 INFO kernel:ACPI: Interpreter enabled
10:42:26,598 INFO kernel:ACPI: (supports S0 S3 S4 S5)
10:42:26,598 INFO kernel:ACPI: Using IOAPIC for interrupt routing
10:42:26,598 INFO kernel:PCI: Using host bridge windows from ACPI; if necessary, use "pci=nocrs" and report a bug
10:42:26,598 WARNING kernel:ACPI: Enabled 3 GPEs in block 00 to 0F
10:42:26,598 INFO kernel:ACPI: PCI Root Bridge [PCI0] (domain 0000 [bus 00-ff])
10:42:26,598 INFO kernel:acpi PNP0A03:00: _OSC: OS supports [ASPM ClockPM Segments MSI]
10:42:26,598 INFO kernel:acpi PNP0A03:00: _OSC failed (AE_NOT_FOUND); disabling ASPM
10:42:26,599 WARNING kernel:acpi PNP0A03:00: fail to add MMCONFIG information, can't access extended PCI configuration space under this bridge.
10:42:26,599 INFO kernel:acpiphp: Slot [3] registered
10:42:26,599 INFO kernel:acpiphp: Slot [4] registered
10:42:26,599 INFO kernel:acpiphp: Slot [5] registered
10:42:26,599 INFO kernel:acpiphp: Slot [6] registered
10:42:26,599 INFO kernel:acpiphp: Slot [7] registered
10:42:26,599 INFO kernel:acpiphp: Slot [8] registered
10:42:26,599 INFO kernel:acpiphp: Slot [9] registered
10:42:26,599 INFO kernel:acpiphp: Slot [10] registered
10:42:26,599 INFO kernel:acpiphp: Slot [11] registered
10:42:26,599 INFO kernel:acpiphp: Slot [12] registered
10:42:26,599 INFO kernel:acpiphp: Slot [13] registered
10:42:26,599 INFO kernel:acpiphp: Slot [14] registered
10:42:26,599 INFO kernel:acpiphp: Slot [15] registered
10:42:26,599 INFO kernel:acpiphp: Slot [16] registered
10:42:26,599 INFO kernel:acpiphp: Slot [17] registered
10:42:26,599 INFO kernel:acpiphp: Slot [18] registered
10:42:26,599 INFO kernel:acpiphp: Slot [19] registered
10:42:26,599 INFO kernel:acpiphp: Slot [20] registered
10:42:26,599 INFO kernel:acpiphp: Slot [21] registered
10:42:26,599 INFO kernel:acpiphp: Slot [22] registered
10:42:26,599 INFO kernel:acpiphp: Slot [23] registered
10:42:26,599 INFO kernel:acpiphp: Slot [24] registered
10:42:26,599 INFO kernel:acpiphp: Slot [25] registered
10:42:26,599 INFO kernel:acpiphp: Slot [26] registered
10:42:26,599 INFO kernel:acpiphp: Slot [27] registered
10:42:26,599 INFO kernel:acpiphp: Slot [28] registered
10:42:26,599 INFO kernel:acpiphp: Slot [29] registered
10:42:26,599 INFO kernel:PCI host bridge to bus 0000:00
10:42:26,599 INFO kernel:pci_bus 0000:00: root bus resource [io  0x0000-0x0cf7 window]
10:42:26,599 INFO kernel:pci_bus 0000:00: root bus resource [io  0x0d00-0xffff window]
10:42:26,599 INFO kernel:pci_bus 0000:00: root bus resource [mem 0x000a0000-0x000bffff window]
10:42:26,599 INFO kernel:pci_bus 0000:00: root bus resource [mem 0x80000000-0xfebfffff window]
10:42:26,599 INFO kernel:pci_bus 0000:00: root bus resource [mem 0x100000000-0x17fffffff window]
10:42:26,599 INFO kernel:pci_bus 0000:00: root bus resource [bus 00-ff]
10:42:26,599 DEBUG kernel:pci 0000:00:00.0: [8086:1237] type 00 class 0x060000
10:42:26,599 DEBUG kernel:pci 0000:00:01.0: [8086:7000] type 00 class 0x060100
10:42:26,599 DEBUG kernel:pci 0000:00:01.1: [8086:7010] type 00 class 0x010180
10:42:26,600 DEBUG kernel:pci 0000:00:01.1: reg 0x20: [io  0xe0e0-0xe0ef]
10:42:26,600 INFO kernel:pci 0000:00:01.1: legacy IDE quirk: reg 0x10: [io  0x01f0-0x01f7]
10:42:26,600 INFO kernel:pci 0000:00:01.1: legacy IDE quirk: reg 0x14: [io  0x03f6]
10:42:26,600 INFO kernel:pci 0000:00:01.1: legacy IDE quirk: reg 0x18: [io  0x0170-0x0177]
10:42:26,600 INFO kernel:pci 0000:00:01.1: legacy IDE quirk: reg 0x1c: [io  0x0376]
10:42:26,600 DEBUG kernel:pci 0000:00:01.2: [8086:7020] type 00 class 0x0c0300
10:42:26,600 DEBUG kernel:pci 0000:00:01.2: reg 0x20: [io  0xe080-0xe09f]
10:42:26,600 DEBUG kernel:pci 0000:00:01.3: [8086:7113] type 00 class 0x068000
10:42:26,600 INFO kernel:pci 0000:00:01.3: quirk: [io  0x0600-0x063f] claimed by PIIX4 ACPI
10:42:26,600 INFO kernel:pci 0000:00:01.3: quirk: [io  0x0700-0x070f] claimed by PIIX4 SMB
10:42:26,600 DEBUG kernel:pci 0000:00:02.0: [1234:1111] type 00 class 0x030000
10:42:26,600 DEBUG kernel:pci 0000:00:02.0: reg 0x10: [mem 0xfd000000-0xfdffffff pref]
10:42:26,600 DEBUG kernel:pci 0000:00:02.0: reg 0x18: [mem 0xfea50000-0xfea50fff]
10:42:26,601 DEBUG kernel:pci 0000:00:02.0: reg 0x30: [mem 0xfea40000-0xfea4ffff pref]
10:42:26,601 DEBUG kernel:pci 0000:00:03.0: [1af4:1002] type 00 class 0x00ff00
10:42:26,601 DEBUG kernel:pci 0000:00:03.0: reg 0x10: [io  0xe0a0-0xe0bf]
10:42:26,601 DEBUG kernel:pci 0000:00:03.0: reg 0x20: [mem 0xfe400000-0xfe403fff 64bit pref]
10:42:26,601 DEBUG kernel:pci 0000:00:08.0: [1af4:1003] type 00 class 0x078000
10:42:26,601 DEBUG kernel:pci 0000:00:08.0: reg 0x10: [io  0xe000-0xe03f]
10:42:26,601 DEBUG kernel:pci 0000:00:08.0: reg 0x14: [mem 0xfea51000-0xfea51fff]
10:42:26,601 DEBUG kernel:pci 0000:00:08.0: reg 0x20: [mem 0xfe404000-0xfe407fff 64bit pref]
10:42:26,601 DEBUG kernel:pci 0000:00:0a.0: [1af4:1001] type 00 class 0x010000
10:42:26,601 DEBUG kernel:pci 0000:00:0a.0: reg 0x10: [io  0xe040-0xe07f]
10:42:26,601 DEBUG kernel:pci 0000:00:0a.0: reg 0x14: [mem 0xfea52000-0xfea52fff]
10:42:26,601 DEBUG kernel:pci 0000:00:0a.0: reg 0x20: [mem 0xfe408000-0xfe40bfff 64bit pref]
10:42:26,601 DEBUG kernel:pci 0000:00:12.0: [1af4:1000] type 00 class 0x020000
10:42:26,601 DEBUG kernel:pci 0000:00:12.0: reg 0x10: [io  0xe0c0-0xe0df]
10:42:26,602 DEBUG kernel:pci 0000:00:12.0: reg 0x14: [mem 0xfea53000-0xfea53fff]
10:42:26,602 DEBUG kernel:pci 0000:00:12.0: reg 0x20: [mem 0xfe40c000-0xfe40ffff 64bit pref]
10:42:26,602 DEBUG kernel:pci 0000:00:12.0: reg 0x30: [mem 0xfea00000-0xfea3ffff pref]
10:42:26,602 DEBUG kernel:pci 0000:00:1e.0: [1b36:0001] type 01 class 0x060400
10:42:26,602 DEBUG kernel:pci 0000:00:1e.0: reg 0x10: [mem 0xfea54000-0xfea540ff 64bit]
10:42:26,602 DEBUG kernel:pci 0000:00:1f.0: [1b36:0001] type 01 class 0x060400
10:42:26,602 DEBUG kernel:pci 0000:00:1f.0: reg 0x10: [mem 0xfea55000-0xfea550ff 64bit]
10:42:26,602 INFO kernel:acpiphp: Slot [0] registered
10:42:26,602 INFO kernel:acpiphp: Slot [1] registered
10:42:26,602 INFO kernel:acpiphp: Slot [2] registered
10:42:26,602 INFO kernel:acpiphp: Slot [3-2] registered
10:42:26,602 INFO kernel:acpiphp: Slot [4-2] registered
10:42:26,602 INFO kernel:acpiphp: Slot [5-2] registered
10:42:26,602 INFO kernel:acpiphp: Slot [6-2] registered
10:42:26,602 INFO kernel:acpiphp: Slot [7-2] registered
10:42:26,602 INFO kernel:acpiphp: Slot [8-2] registered
10:42:26,602 INFO kernel:acpiphp: Slot [9-2] registered
10:42:26,602 INFO kernel:acpiphp: Slot [10-2] registered
10:42:26,602 INFO kernel:acpiphp: Slot [11-2] registered
10:42:26,602 INFO kernel:acpiphp: Slot [12-2] registered
10:42:26,602 INFO kernel:acpiphp: Slot [13-2] registered
10:42:26,602 INFO kernel:acpiphp: Slot [14-2] registered
10:42:26,602 INFO kernel:acpiphp: Slot [15-2] registered
10:42:26,602 INFO kernel:acpiphp: Slot [16-2] registered
10:42:26,602 INFO kernel:acpiphp: Slot [17-2] registered
10:42:26,602 INFO kernel:acpiphp: Slot [18-2] registered
10:42:26,602 INFO kernel:acpiphp: Slot [19-2] registered
10:42:26,602 INFO kernel:acpiphp: Slot [20-2] registered
10:42:26,602 INFO kernel:acpiphp: Slot [21-2] registered
10:42:26,602 INFO kernel:acpiphp: Slot [22-2] registered
10:42:26,602 INFO kernel:acpiphp: Slot [23-2] registered
10:42:26,602 INFO kernel:acpiphp: Slot [24-2] registered
10:42:26,602 INFO kernel:acpiphp: Slot [25-2] registered
10:42:26,602 INFO kernel:acpiphp: Slot [26-2] registered
10:42:26,602 INFO kernel:acpiphp: Slot [27-2] registered
10:42:26,602 INFO kernel:acpiphp: Slot [28-2] registered
10:42:26,602 INFO kernel:acpiphp: Slot [29-2] registered
10:42:26,602 INFO kernel:acpiphp: Slot [30] registered
10:42:26,602 INFO kernel:acpiphp: Slot [31] registered
10:42:26,602 INFO kernel:pci 0000:00:1e.0: PCI bridge to [bus 01]
10:42:26,602 DEBUG kernel:pci 0000:00:1e.0:   bridge window [io  0xd000-0xdfff]
10:42:26,602 DEBUG kernel:pci 0000:00:1e.0:   bridge window [mem 0xfe800000-0xfe9fffff]
10:42:26,603 DEBUG kernel:pci 0000:00:1e.0:   bridge window [mem 0xfe200000-0xfe3fffff 64bit pref]
10:42:26,603 INFO kernel:acpiphp: Slot [0-2] registered
10:42:26,603 INFO kernel:acpiphp: Slot [1-2] registered
10:42:26,603 INFO kernel:acpiphp: Slot [2-2] registered
10:42:26,603 INFO kernel:acpiphp: Slot [3-3] registered
10:42:26,603 INFO kernel:acpiphp: Slot [4-3] registered
10:42:26,603 INFO kernel:acpiphp: Slot [5-3] registered
10:42:26,603 INFO kernel:acpiphp: Slot [6-3] registered
10:42:26,603 INFO kernel:acpiphp: Slot [7-3] registered
10:42:26,603 INFO kernel:acpiphp: Slot [8-3] registered
10:42:26,603 INFO kernel:acpiphp: Slot [9-3] registered
10:42:26,603 INFO kernel:acpiphp: Slot [10-3] registered
10:42:26,603 INFO kernel:acpiphp: Slot [11-3] registered
10:42:26,603 INFO kernel:acpiphp: Slot [12-3] registered
10:42:26,603 INFO kernel:acpiphp: Slot [13-3] registered
10:42:26,603 INFO kernel:acpiphp: Slot [14-3] registered
10:42:26,603 INFO kernel:acpiphp: Slot [15-3] registered
10:42:26,603 INFO kernel:acpiphp: Slot [16-3] registered
10:42:26,603 INFO kernel:acpiphp: Slot [17-3] registered
10:42:26,603 INFO kernel:acpiphp: Slot [18-3] registered
10:42:26,603 INFO kernel:acpiphp: Slot [19-3] registered
10:42:26,603 INFO kernel:acpiphp: Slot [20-3] registered
10:42:26,603 INFO kernel:acpiphp: Slot [21-3] registered
10:42:26,603 INFO kernel:acpiphp: Slot [22-3] registered
10:42:26,603 INFO kernel:acpiphp: Slot [23-3] registered
10:42:26,603 INFO kernel:acpiphp: Slot [24-3] registered
10:42:26,603 INFO kernel:acpiphp: Slot [25-3] registered
10:42:26,603 INFO kernel:acpiphp: Slot [26-3] registered
10:42:26,603 INFO kernel:acpiphp: Slot [27-3] registered
10:42:26,603 INFO kernel:acpiphp: Slot [28-3] registered
10:42:26,603 INFO kernel:acpiphp: Slot [29-3] registered
10:42:26,603 INFO kernel:acpiphp: Slot [30-2] registered
10:42:26,603 INFO kernel:acpiphp: Slot [31-2] registered
10:42:26,603 INFO kernel:pci 0000:00:1f.0: PCI bridge to [bus 02]
10:42:26,603 DEBUG kernel:pci 0000:00:1f.0:   bridge window [io  0xc000-0xcfff]
10:42:26,603 DEBUG kernel:pci 0000:00:1f.0:   bridge window [mem 0xfe600000-0xfe7fffff]
10:42:26,603 DEBUG kernel:pci 0000:00:1f.0:   bridge window [mem 0xfe000000-0xfe1fffff 64bit pref]
10:42:26,603 INFO kernel:ACPI: PCI Interrupt Link [LNKA] (IRQs 5 *10 11)
10:42:26,603 INFO kernel:ACPI: PCI Interrupt Link [LNKB] (IRQs 5 *10 11)
10:42:26,603 INFO kernel:ACPI: PCI Interrupt Link [LNKC] (IRQs 5 10 *11)
10:42:26,603 INFO kernel:ACPI: PCI Interrupt Link [LNKD] (IRQs 5 10 *11)
10:42:26,603 INFO kernel:ACPI: PCI Interrupt Link [LNKS] (IRQs *9)
10:42:26,603 INFO kernel:vgaarb: device added: PCI:0000:00:02.0,decodes=io+mem,owns=io+mem,locks=none
10:42:26,603 INFO kernel:vgaarb: loaded
10:42:26,603 INFO kernel:vgaarb: bridge control possible 0000:00:02.0
10:42:26,603 NOTICE kernel:SCSI subsystem initialized
10:42:26,603 INFO kernel:ACPI: bus type USB registered
10:42:26,603 INFO kernel:usbcore: registered new interface driver usbfs
10:42:26,603 INFO kernel:usbcore: registered new interface driver hub
10:42:26,603 INFO kernel:usbcore: registered new device driver usb
10:42:26,603 INFO kernel:EDAC MC: Ver: 3.0.0
10:42:26,603 INFO kernel:PCI: Using ACPI for IRQ routing
10:42:26,603 DEBUG kernel:PCI: pci_cache_line_size set to 64 bytes
10:42:26,603 DEBUG kernel:e820: reserve RAM buffer [mem 0x0009fc00-0x0009ffff]
10:42:26,603 DEBUG kernel:e820: reserve RAM buffer [mem 0x7ffdb000-0x7fffffff]
10:42:26,603 INFO kernel:NetLabel: Initializing
10:42:26,603 INFO kernel:NetLabel:  domain hash size = 128
10:42:26,603 INFO kernel:NetLabel:  protocols = UNLABELED CIPSOv4
10:42:26,603 INFO kernel:NetLabel:  unlabeled traffic allowed by default
10:42:26,603 INFO kernel:HPET: 3 timers in total, 0 timers will be used for per-cpu timer
10:42:26,603 INFO kernel:hpet0: at MMIO 0xfed00000, IRQs 2, 8, 0
10:42:26,603 INFO kernel:hpet0: 3 comparators, 64-bit 100.000000 MHz counter
10:42:26,604 NOTICE kernel:amd_nb: Cannot enumerate AMD northbridges
10:42:26,604 INFO kernel:Switched to clocksource kvm-clock
10:42:26,604 INFO kernel:pnp: PnP ACPI init
10:42:26,604 INFO kernel:ACPI: bus type PNP registered
10:42:26,604 DEBUG kernel:pnp 00:00: Plug and Play ACPI device, IDs PNP0b00 (active)
10:42:26,604 DEBUG kernel:pnp 00:01: Plug and Play ACPI device, IDs PNP0303 (active)
10:42:26,604 DEBUG kernel:pnp 00:02: Plug and Play ACPI device, IDs PNP0f13 (active)
10:42:26,604 DEBUG kernel:pnp 00:03: [dma 2]
10:42:26,604 DEBUG kernel:pnp 00:03: Plug and Play ACPI device, IDs PNP0700 (active)
10:42:26,604 INFO kernel:pnp: PnP ACPI: found 4 devices
10:42:26,604 INFO kernel:ACPI: bus type PNP unregistered
10:42:26,604 INFO kernel:pci 0000:00:1e.0: PCI bridge to [bus 01]
10:42:26,604 INFO kernel:pci 0000:00:1e.0:   bridge window [io  0xd000-0xdfff]
10:42:26,604 INFO kernel:pci 0000:00:1e.0:   bridge window [mem 0xfe800000-0xfe9fffff]
10:42:26,604 INFO kernel:pci 0000:00:1e.0:   bridge window [mem 0xfe200000-0xfe3fffff 64bit pref]
10:42:26,604 INFO kernel:pci 0000:00:1f.0: PCI bridge to [bus 02]
10:42:26,604 INFO kernel:pci 0000:00:1f.0:   bridge window [io  0xc000-0xcfff]
10:42:26,604 INFO kernel:pci 0000:00:1f.0:   bridge window [mem 0xfe600000-0xfe7fffff]
10:42:26,604 INFO kernel:pci 0000:00:1f.0:   bridge window [mem 0xfe000000-0xfe1fffff 64bit pref]
10:42:26,605 DEBUG kernel:pci_bus 0000:00: resource 4 [io  0x0000-0x0cf7 window]
10:42:26,605 DEBUG kernel:pci_bus 0000:00: resource 5 [io  0x0d00-0xffff window]
10:42:26,605 DEBUG kernel:pci_bus 0000:00: resource 6 [mem 0x000a0000-0x000bffff window]
10:42:26,605 DEBUG kernel:pci_bus 0000:00: resource 7 [mem 0x80000000-0xfebfffff window]
10:42:26,605 DEBUG kernel:pci_bus 0000:00: resource 8 [mem 0x100000000-0x17fffffff window]
10:42:26,605 DEBUG kernel:pci_bus 0000:01: resource 0 [io  0xd000-0xdfff]
10:42:26,605 DEBUG kernel:pci_bus 0000:01: resource 1 [mem 0xfe800000-0xfe9fffff]
10:42:26,605 DEBUG kernel:pci_bus 0000:01: resource 2 [mem 0xfe200000-0xfe3fffff 64bit pref]
10:42:26,605 DEBUG kernel:pci_bus 0000:02: resource 0 [io  0xc000-0xcfff]
10:42:26,605 DEBUG kernel:pci_bus 0000:02: resource 1 [mem 0xfe600000-0xfe7fffff]
10:42:26,605 DEBUG kernel:pci_bus 0000:02: resource 2 [mem 0xfe000000-0xfe1fffff 64bit pref]
10:42:26,605 INFO kernel:NET: Registered protocol family 2
10:42:26,605 INFO kernel:TCP established hash table entries: 16384 (order: 5, 131072 bytes)
10:42:26,605 INFO kernel:TCP bind hash table entries: 16384 (order: 6, 262144 bytes)
10:42:26,605 INFO kernel:TCP: Hash tables configured (established 16384 bind 16384)
10:42:26,605 INFO kernel:TCP: reno registered
10:42:26,605 INFO kernel:UDP hash table entries: 1024 (order: 3, 32768 bytes)
10:42:26,605 INFO kernel:UDP-Lite hash table entries: 1024 (order: 3, 32768 bytes)
10:42:26,605 INFO kernel:NET: Registered protocol family 1
10:42:26,605 INFO kernel:pci 0000:00:00.0: Limiting direct PCI/PCI transfers
10:42:26,605 INFO kernel:pci 0000:00:01.0: PIIX3: Enabling Passive Release
10:42:26,605 INFO kernel:pci 0000:00:01.0: Activating ISA DMA hang workarounds
10:42:26,605 WARNING kernel:ACPI: PCI Interrupt Link [LNKD] enabled at IRQ 11
10:42:26,606 DEBUG kernel:pci 0000:00:02.0: Boot video device
10:42:26,606 DEBUG kernel:PCI: CLS 0 bytes, default 64
10:42:26,606 INFO kernel:Unpacking initramfs...
10:42:26,606 INFO kernel:Freeing initrd memory: 53516k freed
10:42:26,606 INFO kernel:sha1_ssse3: Neither AVX nor AVX2 nor SSSE3/SHA-NI is available/usable.
10:42:26,606 INFO kernel:sha256_ssse3: Neither AVX nor SSSE3/SHA-NI is available/usable.
10:42:26,606 INFO kernel:futex hash table entries: 512 (order: 3, 32768 bytes)
10:42:26,606 NOTICE kernel:Initialise system trusted keyring
10:42:26,606 INFO kernel:audit: initializing netlink socket (disabled)
10:42:26,606 NOTICE kernel:type=2000 audit(1585910546.126:1): initialized
10:42:26,606 INFO kernel:HugeTLB registered 2 MB page size, pre-allocated 0 pages
10:42:26,606 INFO kernel:zpool: loaded
10:42:26,606 INFO kernel:zbud: loaded
10:42:26,606 NOTICE kernel:VFS: Disk quotas dquot_6.5.2
10:42:26,606 WARNING kernel:Dquot-cache hash table entries: 512 (order 0, 4096 bytes)
10:42:26,606 INFO kernel:msgmni has been set to 3992
10:42:26,606 NOTICE kernel:Key type big_key registered
10:42:26,606 DEBUG kernel:SELinux:  Registering netfilter hooks
10:42:26,606 INFO kernel:NET: Registered protocol family 38
10:42:26,606 NOTICE kernel:Key type asymmetric registered
10:42:26,606 NOTICE kernel:Asymmetric key parser 'x509' registered
10:42:26,606 INFO kernel:Block layer SCSI generic (bsg) driver version 0.4 loaded (major 248)
10:42:26,606 INFO kernel:io scheduler noop registered
10:42:26,606 INFO kernel:io scheduler deadline registered (default)
10:42:26,606 INFO kernel:io scheduler cfq registered
10:42:26,606 INFO kernel:io scheduler mq-deadline registered
10:42:26,606 INFO kernel:io scheduler kyber registered
10:42:26,606 INFO kernel:pci_hotplug: PCI Hot Plug PCI Core version: 0.5
10:42:26,606 INFO kernel:pciehp: PCI Express Hot Plug Controller Driver version: 0.4
10:42:26,606 INFO kernel:shpchp 0000:00:1e.0: Requesting control of SHPC hotplug via OSHP (\_SB_.PCI0.SF0_)
10:42:26,606 INFO kernel:shpchp 0000:00:1e.0: Requesting control of SHPC hotplug via OSHP (\_SB_.PCI0)
10:42:26,606 INFO kernel:shpchp 0000:00:1e.0: Cannot get control of SHPC hotplug
10:42:26,606 INFO kernel:shpchp 0000:00:1f.0: Requesting control of SHPC hotplug via OSHP (\_SB_.PCI0.SF8_)
10:42:26,606 INFO kernel:shpchp 0000:00:1f.0: Requesting control of SHPC hotplug via OSHP (\_SB_.PCI0)
10:42:26,606 INFO kernel:shpchp 0000:00:1f.0: Cannot get control of SHPC hotplug
10:42:26,606 INFO kernel:shpchp: Standard Hot Plug PCI Controller Driver version: 0.4
10:42:26,606 INFO kernel:input: Power Button as /devices/LNXSYSTM:00/LNXPWRBN:00/input/input0
10:42:26,606 INFO kernel:ACPI: Power Button [PWRF]
10:42:26,606 INFO kernel:GHES: HEST is not enabled!
10:42:26,606 INFO kernel:Serial: 8250/16550 driver, 4 ports, IRQ sharing enabled
10:42:26,606 INFO kernel:Non-volatile memory driver v1.3
10:42:26,606 INFO kernel:Linux agpgart interface v0.103
10:42:26,606 INFO kernel:crash memory driver: version 1.1
10:42:26,606 INFO kernel:rdac: device handler registered
10:42:26,606 INFO kernel:hp_sw: device handler registered
10:42:26,606 INFO kernel:emc: device handler registered
10:42:26,606 INFO kernel:alua: device handler registered
10:42:26,606 INFO kernel:libphy: Fixed MDIO Bus: probed
10:42:26,607 INFO kernel:ehci_hcd: USB 2.0 'Enhanced' Host Controller (EHCI) Driver
10:42:26,607 INFO kernel:ehci-pci: EHCI PCI platform driver
10:42:26,607 INFO kernel:ohci_hcd: USB 1.1 'Open' Host Controller (OHCI) Driver
10:42:26,607 INFO kernel:ohci-pci: OHCI PCI platform driver
10:42:26,607 INFO kernel:uhci_hcd: USB Universal Host Controller Interface driver
10:42:26,607 INFO kernel:uhci_hcd 0000:00:01.2: UHCI Host Controller
10:42:26,607 INFO kernel:uhci_hcd 0000:00:01.2: new USB bus registered, assigned bus number 1
10:42:26,607 INFO kernel:uhci_hcd 0000:00:01.2: detected 2 ports
10:42:26,607 INFO kernel:uhci_hcd 0000:00:01.2: irq 11, io base 0x0000e080
10:42:26,607 INFO kernel:usb usb1: New USB device found, idVendor=1d6b, idProduct=0001
10:42:26,607 INFO kernel:usb usb1: New USB device strings: Mfr=3, Product=2, SerialNumber=1
10:42:26,607 INFO kernel:usb usb1: Product: UHCI Host Controller
10:42:26,607 INFO kernel:usb usb1: Manufacturer: Linux 3.10.0-957.el7.x86_64 uhci_hcd
10:42:26,607 INFO kernel:usb usb1: SerialNumber: 0000:00:01.2
10:42:26,607 INFO kernel:hub 1-0:1.0: USB hub found
10:42:26,607 INFO kernel:hub 1-0:1.0: 2 ports detected
10:42:26,607 INFO kernel:usbcore: registered new interface driver usbserial_generic
10:42:26,607 INFO kernel:usbserial: USB Serial support registered for generic
10:42:26,607 INFO kernel:i8042: PNP: PS/2 Controller [PNP0303:KBD,PNP0f13:MOU] at 0x60,0x64 irq 1,12
10:42:26,607 INFO kernel:serio: i8042 KBD port at 0x60,0x64 irq 1
10:42:26,607 INFO kernel:serio: i8042 AUX port at 0x60,0x64 irq 12
10:42:26,607 INFO kernel:mousedev: PS/2 mouse device common for all mice
10:42:26,607 INFO kernel:input: AT Translated Set 2 keyboard as /devices/platform/i8042/serio0/input/input1
10:42:26,607 INFO kernel:input: VirtualPS/2 VMware VMMouse as /devices/platform/i8042/serio1/input/input2
10:42:26,608 INFO kernel:rtc_cmos 00:00: RTC can wake from S4
10:42:26,608 INFO kernel:input: VirtualPS/2 VMware VMMouse as /devices/platform/i8042/serio1/input/input3
10:42:26,608 INFO kernel:rtc_cmos 00:00: rtc core: registered rtc_cmos as rtc0
10:42:26,608 INFO kernel:rtc_cmos 00:00: alarms up to one day, y3k, 114 bytes nvram, hpet irqs
10:42:26,608 INFO kernel:cpuidle: using governor menu
10:42:26,608 INFO kernel:hidraw: raw HID events driver (C) Jiri Kosina
10:42:26,608 INFO kernel:usbcore: registered new interface driver usbhid
10:42:26,608 INFO kernel:usbhid: USB HID core driver
10:42:26,608 INFO kernel:drop_monitor: Initializing network drop monitor service
10:42:26,608 INFO kernel:TCP: cubic registered
10:42:26,608 INFO kernel:Initializing XFRM netlink socket
10:42:26,608 INFO kernel:NET: Registered protocol family 10
10:42:26,608 INFO kernel:NET: Registered protocol family 17
10:42:26,608 INFO kernel:mpls_gso: MPLS GSO support
10:42:26,608 DEBUG kernel:PM: Hibernation image not present or could not be loaded.
10:42:26,608 NOTICE kernel:Loading compiled-in X.509 certificates
10:42:26,608 NOTICE kernel:Loaded X.509 cert 'Red Hat Enterprise Linux Driver Update Program (key 3): bf57f3e87362bc7229d9f465321773dfd1f77a80'
10:42:26,608 NOTICE kernel:Loaded X.509 cert 'Red Hat Enterprise Linux kpatch signing key: 4d38fd864ebe18c5f0b72e3852e2014c3a676fc8'
10:42:26,608 NOTICE kernel:Loaded X.509 cert 'Red Hat Enterprise Linux kernel signing key: 7e560e30261e0bb395b8945e39a3b010e2b87465'
10:42:26,608 INFO kernel:registered taskstats version 1
10:42:26,608 NOTICE kernel:Key type trusted registered
10:42:26,608 NOTICE kernel:Key type encrypted registered
10:42:26,608 INFO kernel:IMA: No TPM chip found, activating TPM-bypass! (rc=-19)
10:42:26,608 INFO kernel:  Magic number: 0:954:728
10:42:26,608 INFO kernel:rtc_cmos 00:00: setting system clock to 2020-04-03 10:42:26 UTC (1585910546)
10:42:26,608 INFO kernel:Freeing unused kernel memory: 1876k freed
10:42:26,608 INFO kernel:Write protecting the kernel read-only data: 12288k
10:42:26,608 INFO kernel:Freeing unused kernel memory: 516k freed
10:42:26,608 INFO kernel:Freeing unused kernel memory: 600k freed
10:42:26,608 NOTICE kernel:random: systemd: uninitialized urandom read (16 bytes read)
10:42:26,608 NOTICE kernel:random: systemd: uninitialized urandom read (16 bytes read)
10:42:26,608 NOTICE kernel:random: systemd: uninitialized urandom read (16 bytes read)
10:42:26,608 INFO systemd:systemd 219 running in system mode. (+PAM +AUDIT +SELINUX +IMA -APPARMOR +SMACK +SYSVINIT +UTMP +LIBCRYPTSETUP +GCRYPT +GNUTLS +ACL +XZ +LZ4 -SECCOMP +BLKID +ELFUTILS +KMOD +IDN)
10:42:26,608 INFO systemd:Detected virtualization kvm.
10:42:26,608 INFO systemd:Detected architecture x86-64.
10:42:26,608 INFO systemd:Running in initial RAM disk.
10:42:26,608 INFO systemd:No hostname configured.
10:42:26,608 INFO systemd:Set hostname to <localhost>.
10:42:26,608 INFO systemd:Initializing machine ID from KVM UUID.
10:42:26,608 NOTICE kernel:random: systemd-cryptse: uninitialized urandom read (16 bytes read)
10:42:26,608 NOTICE kernel:random: systemd: uninitialized urandom read (16 bytes read)
10:42:26,608 NOTICE kernel:random: systemd: uninitialized urandom read (16 bytes read)
10:42:26,608 NOTICE kernel:random: systemd: uninitialized urandom read (16 bytes read)
10:42:26,608 NOTICE kernel:random: systemd: uninitialized urandom read (16 bytes read)
10:42:26,608 NOTICE kernel:random: systemd: uninitialized urandom read (16 bytes read)
10:42:26,608 NOTICE kernel:random: systemd: uninitialized urandom read (16 bytes read)
10:42:26,608 WARNING systemd:Cannot add dependency job for unit blk-availability.service, ignoring: Unit not found.
10:42:26,608 INFO systemd:Reached target Local File Systems.
10:42:26,608 INFO systemd:Created slice Root Slice.
10:42:26,608 INFO systemd:Created slice System Slice.
10:42:26,608 INFO systemd:Reached target Slices.
10:42:26,608 INFO systemd:Listening on udev Kernel Socket.
10:42:26,608 INFO systemd:Reached target Swap.
10:42:26,609 INFO systemd:Listening on Journal Socket.
10:42:26,609 INFO systemd:Reached target Timers.
10:42:26,609 INFO systemd:Reached target Local Encrypted Volumes.
10:42:26,609 INFO systemd:Listening on udev Control Socket.
10:42:26,609 INFO systemd:Starting Setup Virtual Console...
10:42:26,609 INFO systemd:Starting Create list of required static device nodes for the current kernel...
10:42:26,609 INFO systemd:Starting dracut cmdline hook...
10:42:26,609 INFO systemd:Starting Apply Kernel Variables...
10:42:26,609 INFO systemd:Starting Journal Service...
10:42:26,609 INFO systemd:Started Setup Virtual Console.
10:42:26,609 INFO systemd:Started Create list of required static device nodes for the current kernel.
10:42:26,609 INFO systemd:Started Apply Kernel Variables.
10:42:26,609 INFO systemd:Starting Create Static Device Nodes in /dev...
10:42:26,609 INFO systemd:Started Create Static Device Nodes in /dev.
10:42:26,609 INFO journal:Journal started
10:42:26,609 INFO systemd:Started Journal Service.
10:42:26,634 INFO kernel:BIOS EDD facility v0.16 2004-Jun-25, 1 devices found
10:42:26,665 INFO dracut-cmdline:Loading Red Hat Enterprise Linux 7.6 x86_64 installer...
10:42:26,795 INFO kernel:usb 1-1: new full-speed USB device number 2 using uhci_hcd
10:42:26,895 INFO systemd:Started dracut cmdline hook.
10:42:26,895 INFO systemd:Starting dracut pre-udev hook...
10:42:26,930 INFO kernel:squashfs: version 4.0 (2009/01/31) Phillip Lougher
10:42:26,947 INFO kernel:Loading iSCSI transport class v2.0-870.
10:42:26,957 NOTICE kernel:iscsi: registered transport (tcp)
10:42:26,960 INFO kernel:usb 1-1: New USB device found, idVendor=0627, idProduct=0001
10:42:26,960 INFO kernel:usb 1-1: New USB device strings: Mfr=1, Product=3, SerialNumber=5
10:42:26,960 INFO kernel:usb 1-1: Product: QEMU USB Tablet
10:42:26,960 INFO kernel:usb 1-1: Manufacturer: QEMU
10:42:26,960 INFO kernel:usb 1-1: SerialNumber: 42
10:42:26,969 INFO kernel:input: QEMU QEMU USB Tablet as /devices/pci0000:00/0000:00:01.2/usb1/1-1/1-1:1.0/input/input4
10:42:26,969 INFO kernel:hid-generic 0003:0627:0001.0001: input,hidraw0: USB HID v0.01 Mouse [QEMU QEMU USB Tablet] on usb-0000:00:01.2-1/input0
10:42:26,983 INFO kernel:FDC 0 is a S82078B
10:42:27,004 INFO kernel:No iBFT detected.
10:42:27,039 INFO kernel:async_tx: api initialized (async)
10:42:27,042 INFO kernel:xor: measuring software checksum speed
10:42:27,051 INFO kernel:   prefetch64-sse: 13000.000 MB/sec
10:42:27,061 INFO kernel:   generic_sse: 11596.000 MB/sec
10:42:27,062 INFO kernel:xor: using function: prefetch64-sse (13000.000 MB/sec)
10:42:27,089 WARNING kernel:raid6: sse2x1   gen()  7160 MB/s
10:42:27,105 WARNING kernel:raid6: sse2x2   gen()  8527 MB/s
10:42:27,122 WARNING kernel:raid6: sse2x4   gen()  8679 MB/s
10:42:27,122 WARNING kernel:raid6: using algorithm sse2x4 gen() (8679 MB/s)
10:42:27,123 WARNING kernel:raid6: using intx1 recovery algorithm
10:42:27,209 INFO kernel:device-mapper: uevent: version 1.0.3
10:42:27,210 INFO kernel:device-mapper: ioctl: 4.37.1-ioctl (2018-04-03) initialised: dm-devel@redhat.com
10:42:27,277 INFO kernel:device-mapper: multipath round-robin: version 1.2.0 loaded
10:42:27,379 INFO kernel:RPC: Registered named UNIX socket transport module.
10:42:27,379 INFO kernel:RPC: Registered udp transport module.
10:42:27,379 INFO kernel:RPC: Registered tcp transport module.
10:42:27,379 INFO kernel:RPC: Registered tcp NFSv4.1 backchannel transport module.
10:42:27,426 INFO kernel:tsc: Refined TSC clocksource calibration: 2800.289 MHz
10:42:27,558 NOTICE rpc.statd:Version 1.3.0 starting
10:42:27,564 NOTICE rpc.statd:Initializing NSM state
10:42:27,564 WARNING rpc.statd:Running as root.  chown /var/lib/nfs/statd to choose different user
10:42:27,617 INFO systemd:Started dracut pre-udev hook.
10:42:27,618 INFO systemd:Starting udev Kernel Device Manager...
10:42:27,620 INFO systemd-udevd:starting version 219
10:42:27,623 INFO systemd:Started udev Kernel Device Manager.
10:42:27,623 INFO systemd:Starting dracut pre-trigger hook...
10:42:27,688 INFO lldpad:config file failed to load,
10:42:27,688 INFO lldpad:create a new file.
10:42:27,688 INFO lldpad:bound ctrl iface to /com/intel/lldpad
10:42:27,697 INFO dracut-pre-trigger:674
10:42:27,817 INFO systemd:Started dracut pre-trigger hook.
10:42:27,817 INFO systemd:Starting udev Coldplug all Devices...
10:42:27,864 INFO systemd:Started udev Coldplug all Devices.
10:42:27,865 INFO systemd:Starting Device-Mapper Multipath Device Controller...
10:42:27,865 INFO systemd:Starting Show Plymouth Boot Screen...
10:42:27,865 INFO systemd:Reached target System Initialization.
10:42:27,865 INFO systemd:Listening on Open-iSCSI iscsiuio Socket.
10:42:27,866 INFO systemd:Reached target Sockets.
10:42:27,908 INFO systemd:Received SIGRTMIN+20 from PID 847 (plymouthd).
10:42:27,911 INFO systemd:Started Show Plymouth Boot Screen.
10:42:27,912 INFO systemd:Reached target Paths.
10:42:27,912 INFO systemd:Started Forward Password Requests to Plymouth Directory Watch.
10:42:27,912 INFO systemd:Reached target Basic System.
10:42:27,950 INFO systemd:Started Device-Mapper Multipath Device Controller.
10:42:27,951 INFO systemd:Starting Open-iSCSI...
10:42:27,962 WARNING iscsid:iSCSI logger with pid=955 started!
10:42:27,972 INFO systemd:Failed to read PID from file /var/run/iscsid.pid: Invalid argument
10:42:27,979 INFO systemd:Started Open-iSCSI.
10:42:27,980 INFO systemd:Starting dracut initqueue hook...
10:42:28,050 INFO systemd:Mounting Configuration File System...
10:42:28,060 INFO systemd:Mounted Configuration File System.
10:42:28,265 INFO systemd:Reloading.
10:42:28,276 DEBUG kernel:libata version 3.00 loaded.
10:42:28,335 WARNING kernel:ACPI: PCI Interrupt Link [LNKC] enabled at IRQ 10
10:42:28,448 DEBUG kernel:ata_piix 0000:00:01.1: version 2.13
10:42:28,452 INFO kernel:scsi host0: ata_piix
10:42:28,465 INFO kernel:scsi host1: ata_piix
10:42:28,465 INFO kernel:ata1: PATA max MWDMA2 cmd 0x1f0 ctl 0x3f6 bmdma 0xe0e0 irq 14
10:42:28,465 INFO kernel:ata2: PATA max MWDMA2 cmd 0x170 ctl 0x376 bmdma 0xe0e8 irq 15
10:42:28,516 WARNING kernel:ACPI: PCI Interrupt Link [LNKB] enabled at IRQ 10
10:42:28,521 INFO kernel:[drm] Found bochs VGA, ID 0xb0c0.
10:42:28,521 INFO kernel:[drm] Framebuffer size 16384 kB @ 0xfd000000, mmio @ 0xfea50000.
10:42:28,522 INFO kernel:[TTM] Zone  kernel: Available graphics memory: 1023466 kiB
10:42:28,522 INFO kernel:[TTM] Initializing pool allocator
10:42:28,522 INFO kernel:[TTM] Initializing DMA pool allocator
10:42:28,551 INFO kernel:fbcon: bochsdrmfb (fb0) is primary device
10:42:28,551 INFO kernel:Console: switching to colour frame buffer device 128x48
10:42:28,552 INFO kernel:bochs-drm 0000:00:02.0: fb0: bochsdrmfb frame buffer device
10:42:28,560 INFO kernel:[drm] Initialized bochs-drm 1.0.0 20130925 for 0000:00:02.0 on minor 0
10:42:28,623 DEBUG kernel:ata2.01: NODEV after polling detection
10:42:28,624 INFO kernel:ata2.00: ATAPI: QEMU DVD-ROM, 2.5+, max UDMA/100
10:42:28,624 INFO kernel:ata2.00: configured for MWDMA2
10:42:28,625 NOTICE kernel:scsi 1:0:0:0: CD-ROM            QEMU     QEMU DVD-ROM     2.5+ PQ: 0 ANSI: 5
10:42:28,862 DEBUG kernel:virtio-pci 0000:00:0a.0: irq 24 for MSI/MSI-X
10:42:28,862 DEBUG kernel:virtio-pci 0000:00:0a.0: irq 25 for MSI/MSI-X
10:42:28,864 NOTICE kernel:virtio_blk virtio2: [vda] 67108864 512-byte logical blocks (34.3 GB/32.0 GiB)
10:42:28,880 DEBUG kernel:virtio-pci 0000:00:12.0: irq 26 for MSI/MSI-X
10:42:28,880 DEBUG kernel:virtio-pci 0000:00:12.0: irq 27 for MSI/MSI-X
10:42:28,880 DEBUG kernel:virtio-pci 0000:00:12.0: irq 28 for MSI/MSI-X
10:42:28,902 INFO kernel:sr 1:0:0:0: [sr0] scsi3-mmc drive: 4x/4x cd/rw xa/form2 tray
10:42:28,902 INFO kernel:cdrom: Uniform CD-ROM driver Revision: 3.20
10:42:28,902 DEBUG kernel:sr 1:0:0:0: Attached scsi CD-ROM sr0
10:42:28,919 INFO kernel:8021q: 802.1Q VLAN Support v1.8
10:42:28,969 ERR iscsid:iSCSI daemon with pid=963 started!
10:42:28,969 ERR iscsid:can't open InitiatorName configuration file /etc/iscsi/initiatorname.iscsi
10:42:28,969 ERR iscsid:Warning: InitiatorName file /etc/iscsi/initiatorname.iscsi does not exist or does not contain a properly formatted InitiatorName. If using software iscsi (iscsi_tcp or ib_iser) or partial offload (bnx2i or cxgbi iscsi), you may not be able to log into or
10:42:28,969 ERR iscsid:can't open InitiatorAlias configuration file /etc/iscsi/initiatorname.iscsi
10:42:28,970 ERR iscsid:can't open iscsid.safe_logout configuration file /etc/iscsi/iscsid.conf
10:42:29,020 NOTICE kernel:random: fast init done
10:42:29,117 INFO dracut-initqueue:mount: /dev/sr0 is write-protected, mounting read-only
10:42:29,121 DEBUG kernel:ISO 9660 Extensions: Microsoft Joliet Level 3
10:42:29,124 DEBUG kernel:ISO 9660 Extensions: RRIP_1991A
10:42:29,361 INFO kernel:loop: module loaded
10:42:29,497 INFO systemd:Started dracut initqueue hook.
10:42:29,498 INFO systemd:Reached target Remote File Systems (Pre).
10:42:29,498 INFO systemd:Reached target Remote File Systems.
10:42:29,499 INFO systemd:Starting dracut pre-mount hook...
10:42:29,514 INFO systemd:Started dracut pre-mount hook.
10:42:29,514 INFO systemd:Reached target Initrd Root File System.
10:42:29,515 INFO systemd:Starting Reload Configuration from the Real Root...
10:42:29,559 INFO systemd:Reloading.
10:42:29,685 INFO systemd:Started Reload Configuration from the Real Root.
10:42:29,686 INFO systemd:Starting dracut mount hook...
10:42:29,686 INFO systemd:Reached target Initrd File Systems.
10:42:29,781 INFO kernel:EXT4-fs (dm-0): mounted filesystem with ordered data mode. Opts: (null)
10:42:29,831 INFO systemd:Started dracut mount hook.
10:42:29,832 INFO systemd:Reached target Initrd Default Target.
10:42:29,832 INFO systemd:Starting dracut pre-pivot and cleanup hook...
10:42:30,029 ERR rpcbind:cannot open file = /run/rpcbind/rpcbind.xdr for writing
10:42:30,030 ERR rpcbind:cannot save any registration
10:42:30,030 ERR rpcbind:cannot open file = /run/rpcbind/portmap.xdr for writing
10:42:30,030 ERR rpcbind:cannot save any registration
10:42:30,065 INFO systemd:Started dracut pre-pivot and cleanup hook.
10:42:30,065 INFO systemd:Starting Cleaning Up and Shutting Down Daemons...
10:42:30,109 INFO systemd:Starting Plymouth switch root service...
10:42:30,110 INFO systemd:Stopped target Timers.
10:42:30,111 INFO systemd:Stopped Cleaning Up and Shutting Down Daemons.
10:42:30,113 INFO systemd:Stopped dracut pre-pivot and cleanup hook.
10:42:30,113 INFO systemd:Stopped target Initrd Default Target.
10:42:30,114 INFO systemd:Stopped dracut mount hook.
10:42:30,114 INFO systemd:Stopped target Basic System.
10:42:30,114 INFO systemd:Stopped target Sockets.
10:42:30,114 INFO systemd:Closed Open-iSCSI iscsiuio Socket.
10:42:30,115 INFO systemd:Stopped target Slices.
10:42:30,115 INFO systemd:Stopped target Paths.
10:42:30,116 INFO systemd:Stopped target System Initialization.
10:42:30,116 INFO systemd:Stopped Apply Kernel Variables.
10:42:30,117 INFO systemd:Stopped target Local File Systems.
10:42:30,117 INFO systemd:Stopped target Swap.
10:42:30,117 INFO systemd:Stopped target Remote File Systems.
10:42:30,118 INFO systemd:Stopped target Remote File Systems (Pre).
10:42:30,118 INFO systemd:Stopped dracut pre-mount hook.
10:42:30,118 INFO systemd:Stopped target Local Encrypted Volumes.
10:42:30,118 INFO systemd:Stopped dracut initqueue hook.
10:42:30,119 INFO systemd:Stopping Open-iSCSI...
10:42:30,124 WARNING iscsid:iscsid shutting down.
10:42:30,127 INFO systemd:Stopped Open-iSCSI.
10:42:30,127 NOTICE multipathd:path checkers start up
10:42:30,127 NOTICE multipathd:--------shut down-------
10:42:30,133 INFO systemd:Stopping Device-Mapper Multipath Device Controller...
10:42:30,133 INFO systemd:Started Plymouth switch root service.
10:42:30,133 INFO systemd:Stopped Device-Mapper Multipath Device Controller.
10:42:30,133 INFO systemd:Stopped udev Coldplug all Devices.
10:42:30,134 INFO systemd:Stopped dracut pre-trigger hook.
10:42:30,134 INFO systemd:Stopping udev Kernel Device Manager...
10:42:30,139 INFO systemd:Stopped udev Kernel Device Manager.
10:42:30,140 INFO systemd:Stopped dracut pre-udev hook.
10:42:30,141 INFO systemd:Stopped dracut cmdline hook.
10:42:30,142 INFO systemd:Stopped Create Static Device Nodes in /dev.
10:42:30,143 INFO systemd:Stopped Create list of required static device nodes for the current kernel.
10:42:30,144 INFO systemd:Closed udev Kernel Socket.
10:42:30,145 INFO systemd:Closed udev Control Socket.
10:42:30,147 INFO systemd:Starting Cleanup udevd DB...
10:42:30,151 INFO systemd:Started Cleanup udevd DB.
10:42:30,152 INFO systemd:Reached target Switch Root.
10:42:30,153 INFO systemd:Starting Switch Root...
10:42:30,213 NOTICE systemd:Switching root.
10:42:30,221 INFO journal:Journal stopped
10:42:32,027 INFO journal:Runtime journal is using 8.0M (max allowed 99.9M, trying to leave 149.9M free of 991.4M available â†’ current limit 99.9M).
10:42:32,029 INFO systemd-journald:Received SIGTERM from PID 1 (systemd).
10:42:32,029 NOTICE kernel:random: crng init done
10:42:32,029 DEBUG kernel:SELinux: 2048 avtab hash slots, 111767 rules.
10:42:32,029 DEBUG kernel:SELinux: 2048 avtab hash slots, 111767 rules.
10:42:32,029 DEBUG kernel:SELinux:  8 users, 14 roles, 5032 types, 315 bools, 1 sens, 1024 cats
10:42:32,029 DEBUG kernel:SELinux:  129 classes, 111767 rules
10:42:32,029 INFO kernel:SELinux:  Class bpf not defined in policy.
10:42:32,029 INFO kernel:SELinux: the above unknown classes and permissions will be allowed
10:42:32,029 DEBUG kernel:SELinux:  Completing initialization.
10:42:32,029 DEBUG kernel:SELinux:  Setting up existing superblocks.
10:42:32,029 NOTICE kernel:type=1403 audit(1585910550.971:2): policy loaded auid=4294967295 ses=4294967295
10:42:32,029 INFO systemd:Successfully loaded SELinux policy in 224.875ms.
10:42:32,029 INFO systemd:Relabelled /dev, /run and /sys/fs/cgroup in 24.480ms.
10:42:32,029 INFO journal:Journal started
10:42:32,151 INFO systemd:systemd 219 running in system mode. (+PAM +AUDIT +SELINUX +IMA -APPARMOR +SMACK +SYSVINIT +UTMP +LIBCRYPTSETUP +GCRYPT +GNUTLS +ACL +XZ +LZ4 -SECCOMP +BLKID +ELFUTILS +KMOD +IDN)
10:42:32,152 INFO systemd:Detected virtualization kvm.
10:42:32,152 INFO systemd:Detected architecture x86-64.
10:42:32,152 INFO systemd:Initializing machine ID from KVM UUID.
10:42:32,153 INFO rhel-domainname:/usr/lib/systemd/rhel-domainname: line 2: /etc/sysconfig/network: No such file or directory
10:42:32,153 WARNING systemd:Cannot add dependency job for unit rhel-autorelabel.service, ignoring: Unit is masked.
10:42:32,153 WARNING systemd:Cannot add dependency job for unit rhel-autorelabel-mark.service, ignoring: Unit is masked.
10:42:32,154 WARNING systemd:Cannot add dependency job for unit rhel-loadmodules.service, ignoring: Unit is masked.
10:42:32,155 WARNING systemd:Cannot add dependency job for unit systemd-tmpfiles-clean.timer, ignoring: Unit is masked.
10:42:32,155 INFO systemd:Started Apply Kernel Variables.
10:42:32,156 INFO systemd:Starting Flush Journal to Persistent Storage...
10:42:32,156 INFO systemd:Started Create Static Device Nodes in /dev.
10:42:32,157 INFO systemd:Reached target Local File Systems (Pre).
10:42:32,157 INFO systemd:Starting udev Kernel Device Manager...
10:42:32,183 INFO systemd-udevd:starting version 219
10:42:32,232 INFO systemd:Started Configure read-only root support.
10:42:32,241 INFO systemd:Starting Load/Save Random Seed...
10:42:32,250 INFO systemd:Started Flush Journal to Persistent Storage.
10:42:32,281 INFO systemd:Started Load/Save Random Seed.
10:42:32,332 INFO systemd:Started udev Kernel Device Manager.
10:42:32,766 INFO systemd:Started Rebuild Hardware Database.
10:42:32,767 INFO systemd:Starting udev Coldplug all Devices...
10:42:32,891 INFO systemd:Started udev Coldplug all Devices.
10:42:32,891 INFO systemd:Starting udev Wait for Complete Device Initialization...
10:42:32,896 INFO systemd:Starting Device-Mapper Multipath Device Controller...
10:42:33,380 INFO systemd:Started Device-Mapper Multipath Device Controller.
10:42:33,450 NOTICE multipathd:path checkers start up
10:42:33,563 INFO kernel:piix4_smbus 0000:00:01.3: SMBus Host Controller at 0x700, revision 0
10:42:33,630 NOTICE kernel:sr 1:0:0:0: Attached scsi generic sg0 type 5
10:42:33,872 DEBUG kernel:virtio-pci 0000:00:08.0: irq 29 for MSI/MSI-X
10:42:33,872 DEBUG kernel:virtio-pci 0000:00:08.0: irq 30 for MSI/MSI-X
10:42:33,903 INFO kernel:input: PC Speaker as /devices/platform/pcspkr/input/input5
10:42:34,489 INFO systemd:Started udev Wait for Complete Device Initialization.
10:42:34,490 INFO systemd:Starting Activation of DM RAID sets...
10:42:34,565 INFO systemd:Started Activation of DM RAID sets.
10:42:34,566 INFO systemd:Reached target Local Encrypted Volumes.
10:42:34,566 INFO systemd:Reached target Local File Systems.
10:42:34,568 INFO systemd:Starting Rebuild Journal Catalog...
10:42:34,569 INFO systemd:Starting Migrate local SELinux policy changes from the old store structure to the new structure...
10:42:34,570 INFO systemd:Starting Import network configuration from initramfs...
10:42:34,571 INFO systemd:Starting Tell Plymouth To Write Out Runtime Data...
10:42:34,659 INFO systemd:Started Migrate local SELinux policy changes from the old store structure to the new structure.
10:42:34,668 INFO systemd:Started Tell Plymouth To Write Out Runtime Data.
10:42:34,669 INFO systemd:Started Rebuild Journal Catalog.
10:42:34,670 INFO systemd:Starting Update is Completed...
10:42:34,686 INFO systemd:Started Update is Completed.
10:42:34,737 INFO systemd:Started Import network configuration from initramfs.
10:42:34,738 INFO systemd:Starting Create Volatile Files and Directories...
10:42:34,779 INFO systemd:Started Create Volatile Files and Directories.
10:42:34,781 INFO systemd:Starting Update UTMP about System Boot/Shutdown...
10:42:34,806 INFO systemd:Started Update UTMP about System Boot/Shutdown.
10:42:34,810 INFO systemd:Reached target System Initialization.
10:42:34,814 INFO systemd:Listening on D-Bus System Message Bus Socket.
10:42:34,814 INFO systemd:Listening on Open-iSCSI iscsid Socket.
10:42:34,816 INFO systemd:Listening on Open-iSCSI iscsiuio Socket.
10:42:34,817 INFO systemd:Reached target Sockets.
10:42:34,817 INFO systemd:Reached target Basic System.
10:42:34,820 INFO systemd:Starting pre-anaconda logging service...
10:42:34,822 INFO systemd:Started Anaconda NetworkManager configuration.
10:42:34,823 INFO systemd:Starting Terminate Plymouth Boot Screen...
10:42:34,825 INFO systemd:Starting Network Manager...
10:42:34,832 INFO systemd:Starting Service enabling compressing RAM with zRam...
10:42:34,835 INFO systemd:Starting Dump dmesg to /var/log/dmesg...
10:42:34,868 INFO systemd:Starting Wait for Plymouth Boot Screen to Quit...
10:42:34,869 INFO systemd:Starting Login Service...
10:42:34,869 INFO systemd:Started Hardware RNG Entropy Gatherer Daemon.
10:42:34,872 INFO systemd:Received SIGRTMIN+21 from PID 847 (plymouthd).
10:42:34,887 INFO systemd:Started Terminate Plymouth Boot Screen.
10:42:34,890 INFO systemd:Started Wait for Plymouth Boot Screen to Quit.
10:42:34,924 INFO zramswapon:+ MAX_RAM_ON=2097152
10:42:34,925 INFO zramswapon:++ grep -E --only-matching '[[:digit:]]+'
10:42:34,926 INFO zramswapon:++ grep MemTotal /proc/meminfo
10:42:34,928 INFO zramswapon:+ mem_total_kb=2046932
10:42:34,929 INFO zramswapon:+ mem_total=2096058368
10:42:34,929 INFO zramswapon:+ grep -E 'inst\.zram=(on|1)' /proc/cmdline
10:42:34,931 INFO zramswapon:+ force=1
10:42:34,931 INFO zramswapon:+ '[' '(' 2046932 -gt 2097152 ')' -a '(' 1 '!=' 0 ')' ']'
10:42:34,935 INFO zramswapon:++ getconf _NPROCESSORS_ONLN
10:42:34,976 INFO systemd:Started pre-anaconda logging service.
10:42:35,019 INFO systemd:Started Dump dmesg to /var/log/dmesg.
10:42:35,030 INFO zramswapon:+ num_cpus=2
10:42:35,031 INFO zramswapon:+ decr_num_cpus=1
10:42:35,031 INFO zramswapon:+ modprobe zram num_devices=2
10:42:35,056 WARNING systemd:Cannot add dependency job for unit rhel-autorelabel.service, ignoring: Unit is masked.
10:42:35,057 WARNING systemd:Cannot add dependency job for unit rhel-autorelabel-mark.service, ignoring: Unit is masked.
10:42:35,057 WARNING systemd:Cannot add dependency job for unit rhel-loadmodules.service, ignoring: Unit is masked.
10:42:35,057 WARNING systemd:Cannot add dependency job for unit systemd-tmpfiles-clean.timer, ignoring: Unit is masked.
10:42:35,057 INFO systemd:Started D-Bus System Message Bus.
10:42:35,112 INFO zramswapon:++ seq 0 1
10:42:35,112 INFO kernel:zram: Added device: zram0
10:42:35,112 INFO kernel:zram: Added device: zram1
10:42:35,136 NOTICE multipathd:zram0: add path (uevent)
10:42:35,136 NOTICE multipathd:zram0: HDIO_GETGEO failed with 25
10:42:35,136 ERR multipathd:zram0: failed to get path uid
10:42:35,140 ERR multipathd:uevent trigger error
10:42:35,140 NOTICE multipathd:zram1: add path (uevent)
10:42:35,140 NOTICE multipathd:zram1: HDIO_GETGEO failed with 25
10:42:35,141 ERR multipathd:zram1: failed to get path uid
10:42:35,148 ERR multipathd:uevent trigger error
10:42:35,181 INFO zramswapon:+ for i in '$(seq 0 $decr_num_cpus)'
10:42:35,181 INFO zramswapon:+ echo 1048029184
10:42:35,182 INFO zramswapon:+ for i in '$(seq 0 $decr_num_cpus)'
10:42:35,182 INFO zramswapon:+ echo 1048029184
10:42:35,183 INFO kernel:zram0: detected capacity change from 0 to 1048031232
10:42:35,183 INFO zramswapon:++ seq 0 1
10:42:35,184 INFO kernel:zram1: detected capacity change from 0 to 1048031232
10:42:35,185 INFO zramswapon:+ for i in '$(seq 0 $decr_num_cpus)'
10:42:35,186 INFO zramswapon:+ mkswap /dev/zram0
10:42:35,241 INFO zramswapon:Setting up swapspace version 1, size = 1023464 KiB
10:42:35,242 INFO zramswapon:no label, UUID=f40def1c-d956-4e2f-88df-886225f0bee7
10:42:35,242 INFO zramswapon:+ for i in '$(seq 0 $decr_num_cpus)'
10:42:35,242 INFO zramswapon:+ mkswap /dev/zram1
10:42:35,244 INFO zramswapon:Setting up swapspace version 1, size = 1023464 KiB
10:42:35,245 INFO zramswapon:no label, UUID=cbdba201-a9eb-43e4-a78a-f001b7122412
10:42:35,245 INFO zramswapon:++ seq 0 1
10:42:35,246 INFO zramswapon:+ for i in '$(seq 0 $decr_num_cpus)'
10:42:35,246 INFO zramswapon:+ swapon -p 100 /dev/zram0
10:42:35,298 INFO zramswapon:+ for i in '$(seq 0 $decr_num_cpus)'
10:42:35,298 INFO zramswapon:+ swapon -p 100 /dev/zram1
10:42:35,298 INFO kernel:Adding 1023464k swap on /dev/zram0.  Priority:100 extents:1 across:1023464k SSFS
10:42:35,300 INFO zramswapon:+ '[' 2046932 -le 1048576 ']'
10:42:35,300 INFO kernel:Adding 1023464k swap on /dev/zram1.  Priority:100 extents:1 across:1023464k SSFS
10:42:35,697 INFO systemd:Started Service enabling compressing RAM with zRam.
10:42:35,702 INFO systemd-logind:New seat seat0.
10:42:35,702 INFO systemd:Started Login Service.
10:42:35,709 INFO systemd-logind:Watching system buttons on /dev/input/event0 (Power Button)
10:42:35,810 INFO rngd:Initalizing available sources
10:42:35,811 INFO rngd:Failed to init entropy source 0: Hardware RNG Device
10:42:35,815 INFO rngd:Failed to init entropy source 2: Intel RDRAND Instruction RNG
10:42:36,180 INFO NetworkManager:<info>  [1585910556.1710] NetworkManager (version 1.12.0-6.el7) is starting... (for the first time)
10:42:36,180 INFO NetworkManager:<info>  [1585910556.1718] Read config: /etc/NetworkManager/NetworkManager.conf (lib: 10-slaves-order.conf) (etc: 80-anaconda-no-ibft.conf, 90-anaconda-no-auto-default.conf, 91-anaconda-autoconnect-slaves.conf, 92-anaconda-loglevel-debug.conf)
10:42:36,180 DEBUG NetworkManager:<debug> [1585910556.1718] CONFIG: config-data[0x55aa9a659820]: 3 groups
10:42:36,180 DEBUG NetworkManager:<debug> [1585910556.1718] CONFIG:
10:42:36,181 DEBUG NetworkManager:<debug> [1585910556.1718] CONFIG: [main]
10:42:36,181 DEBUG NetworkManager:<debug> [1585910556.1718] CONFIG:   slaves-order=index
10:42:36,181 DEBUG NetworkManager:<debug> [1585910556.1718] CONFIG:   plugins=ifcfg-rh,ibft,no-ibft
10:42:36,181 DEBUG NetworkManager:<debug> [1585910556.1718] CONFIG:   no-auto-default=*
10:42:36,181 DEBUG NetworkManager:<debug> [1585910556.1718] CONFIG:
10:42:36,182 DEBUG NetworkManager:<debug> [1585910556.1718] CONFIG: [logging]
10:42:36,182 DEBUG NetworkManager:<debug> [1585910556.1719] CONFIG:   level=DEBUG
10:42:36,182 DEBUG NetworkManager:<debug> [1585910556.1719] CONFIG:
10:42:36,182 DEBUG NetworkManager:<debug> [1585910556.1719] CONFIG: [connection]
10:42:36,183 DEBUG NetworkManager:<debug> [1585910556.1719] CONFIG:   connection.autoconnect-slaves=1
10:42:36,183 DEBUG NetworkManager:<debug> [1585910556.1719] config: state: missing state file "/var/lib/NetworkManager/NetworkManager.state": No such file or directory
10:42:36,183 DEBUG NetworkManager:<debug> [1585910556.1719] WEXT support is disabled
10:42:36,183 DEBUG NetworkManager:<debug> [1585910556.1805] platform-linux: create (ignore netns, initial netns, use udev)
10:42:36,184 DEBUG NetworkManager:<debug> [1585910556.1808] platform-linux: could not enable extended acks on netlink socket
10:42:36,184 DEBUG NetworkManager:<debug> [1585910556.1809] platform-linux: Netlink socket for events established: port=3929, fd=8
10:42:36,184 DEBUG NetworkManager:<debug> [1585910556.1809] platform-linux: populate platform cache
10:42:36,184 DEBUG NetworkManager:<debug> [1585910556.1810] monotonic timestamp started counting 1.937150933 seconds ago with an offset of 13.0 seconds to CLOCK_BOOTTIME (local time is 2020-04-03 10:42:36)
10:42:36,185 DEBUG NetworkManager:<debug> [1585910556.1810] platform-linux: kernel-support: IFLA_INET6_ADDR_GEN_MODE: detected
10:42:36,185 DEBUG NetworkManager:<debug> [1585910556.1818] platform: signal: link   added: 1: lo <UP,LOWER_UP;loopback,up,running,lowerup> mtu 65536 arp 772 loopback? not-init addrgenmode eui64 addr 00:00:00:00:00:00 driver unknown rx:6,416 tx:6,416
10:42:36,185 DEBUG NetworkManager:<debug> [1585910556.1823] platform: signal: link   added: 2: eth0 <DOWN;broadcast,multicast> mtu 1500 arp 1 ethernet? not-init addrgenmode eui64 addr 62:6A:EA:00:50:02 driver virtio_net rx:0,0 tx:0,0
10:42:36,185 DEBUG NetworkManager:<debug> [1585910556.1823] platform: signal: address 4   added: 127.0.0.1/8 lft forever pref forever lifetime 1-0[4294967295,4294967295] dev 1 flags permanent src kernel
10:42:36,185 DEBUG NetworkManager:<debug> [1585910556.1823] platform: signal: address 6   added: ::1/128 lft forever pref forever lifetime 1-0[4294967295,4294967295] dev 1 flags permanent src kernel
10:42:36,186 DEBUG NetworkManager:<debug> [1585910556.1824] platform: signal: qdisc   added: noqueue dev 1 family 0 handle 0 parent ffffffff info 2
10:42:36,186 DEBUG NetworkManager:<debug> [1585910556.1831] platform: signal: link changed: 2: eth0 <DOWN;broadcast,multicast> mtu 1500 arp 1 ethernet? init addrgenmode eui64 addr 62:6A:EA:00:50:02 driver virtio_net rx:0,0 tx:0,0
10:42:36,186 DEBUG NetworkManager:<debug> [1585910556.1833] platform: signal: link changed: 1: lo <UP,LOWER_UP;loopback,up,running,lowerup> mtu 65536 arp 772 loopback? init addrgenmode eui64 addr 00:00:00:00:00:00 driver unknown rx:6,416 tx:6,416
10:42:36,186 DEBUG NetworkManager:<debug> [1585910556.1833] setup NMPlatform singleton (0x55aa9a651920, NMLinuxPlatform)
10:42:36,187 DEBUG NetworkManager:<debug> [1585910556.1833] create NMNetns singleton (0x55aa9a66d6c0)
10:42:36,187 DEBUG NetworkManager:<debug> [1585910556.1834] auth[0x55aa9a65af70]: create auth-manager: polkit enabled
10:42:36,190 DEBUG NetworkManager:<debug> [1585910556.1904] auth[0x55aa9a65af70]: set instance
10:42:36,190 DEBUG NetworkManager:<debug> [1585910556.1904] setup NMAuthManager singleton (0x55aa9a65af70)
10:42:36,191 DEBUG NetworkManager:<debug> [1585910556.1905] create NMDBusManager singleton (0x55aa9a667800)
10:42:36,196 INFO systemd:Started Network Manager.
10:42:36,197 INFO systemd:Starting Network Manager Wait Online...
10:42:36,198 INFO systemd:Reached target Network.
10:42:36,198 INFO systemd:Starting Logout off all iSCSI sessions on shutdown...
10:42:36,219 INFO NetworkManager:<info>  [1585910556.1993] bus-manager: acquired D-Bus service "org.freedesktop.NetworkManager"
10:42:36,219 INFO NetworkManager:<info>  [1585910556.2054] manager[0x55aa9a67e000]: monitoring kernel firmware directory '/lib/firmware'.
10:42:36,242 DEBUG NetworkManager:<debug> [1585910556.2413] session-monitor: using systemd-logind session tracking
10:42:36,252 DEBUG NetworkManager:<debug> [1585910556.2415] create NMSessionMonitor singleton (0x55aa9a66dc10)
10:42:36,252 DEBUG NetworkManager:<debug> [1585910556.2415] create NMAgentManager singleton (0x55aa9a66e4e0)
10:42:36,253 NOTICE dbus:[system] Activating via systemd: service name='org.freedesktop.hostname1' unit='dbus-org.freedesktop.hostname1.service'
10:42:36,257 INFO systemd:Started Logout off all iSCSI sessions on shutdown.
10:42:36,266 WARNING systemd:Cannot add dependency job for unit rhel-autorelabel.service, ignoring: Unit is masked.
10:42:36,266 WARNING systemd:Cannot add dependency job for unit rhel-autorelabel-mark.service, ignoring: Unit is masked.
10:42:36,266 WARNING systemd:Cannot add dependency job for unit rhel-loadmodules.service, ignoring: Unit is masked.
10:42:36,267 WARNING systemd:Cannot add dependency job for unit systemd-tmpfiles-clean.timer, ignoring: Unit is masked.
10:42:36,294 INFO systemd:Starting Hostname Service...
10:42:36,295 INFO systemd:Starting Availability of block devices...
10:42:36,298 INFO systemd:Reached target Remote File Systems (Pre).
10:42:36,358 NOTICE dbus:[system] Successfully activated service 'org.freedesktop.hostname1'
10:42:36,365 INFO NetworkManager:<info>  [1585910556.3634] hostname: hostname: using hostnamed
10:42:36,365 DEBUG NetworkManager:<debug> [1585910556.3635] create NMHostnameManager singleton (0x55aa9a65ade0)
10:42:36,366 DEBUG NetworkManager:<debug> [1585910556.3636] create NMFirewallManager singleton (0x7f2f04003f80)
10:42:36,366 INFO NetworkManager:<info>  [1585910556.3638] dns-mgr[0x55aa9a688110]: init: dns=default, rc-manager=file
10:42:36,366 DEBUG NetworkManager:<debug> [1585910556.3639] create NMDnsManager singleton (0x55aa9a688110)
10:42:36,366 DEBUG NetworkManager:<debug> [1585910556.3639] policy: hostname-mode: full
10:42:36,367 DEBUG NetworkManager:<debug> [1585910556.3644] manager: setup NMManager singleton (0x55aa9a67e000)
10:42:36,371 DEBUG NetworkManager:<debug> [1585910556.3676] create NMConnectivity singleton (0x55aa9a68bb60)
10:42:36,371 DEBUG NetworkManager:<debug> [1585910556.3690] dispatcher: default script directory '/etc/NetworkManager/dispatcher.d' has scripts
10:42:36,372 DEBUG NetworkManager:<debug> [1585910556.3691] dispatcher: pre-up script directory '/etc/NetworkManager/dispatcher.d/pre-up.d' has no scripts
10:42:36,372 DEBUG NetworkManager:<debug> [1585910556.3691] dispatcher: pre-down script directory '/etc/NetworkManager/dispatcher.d/pre-down.d' has no scripts
10:42:36,372 NOTICE dbus:[system] Activating via systemd: service name='org.freedesktop.nm_dispatcher' unit='dbus-org.freedesktop.nm-dispatcher.service'
10:42:36,381 INFO systemd:Started Availability of block devices.
10:42:36,383 INFO systemd:Started Hostname Service.
10:42:36,385 WARNING systemd:Cannot add dependency job for unit rhel-autorelabel.service, ignoring: Unit is masked.
10:42:36,386 WARNING systemd:Cannot add dependency job for unit rhel-autorelabel-mark.service, ignoring: Unit is masked.
10:42:36,386 WARNING systemd:Cannot add dependency job for unit rhel-loadmodules.service, ignoring: Unit is masked.
10:42:36,386 WARNING systemd:Cannot add dependency job for unit systemd-tmpfiles-clean.timer, ignoring: Unit is masked.
10:42:36,388 INFO systemd:Starting Network Manager Script Dispatcher Service...
10:42:36,415 NOTICE dbus:[system] Successfully activated service 'org.freedesktop.nm_dispatcher'
10:42:36,417 INFO systemd:Started Network Manager Script Dispatcher Service.
10:42:36,457 DEBUG NetworkManager:<debug> [1585910556.4540] create SettingsPluginIfcfg singleton (0x55aa9a6900c0)
10:42:36,458 INFO NetworkManager:<info>  [1585910556.4540] settings: Loaded settings plugin: SettingsPluginIfcfg (/usr/lib64/NetworkManager/1.12.0-6.el7/libnm-settings-plugin-ifcfg-rh.so)
10:42:36,458 INFO NetworkManager:<info>  [1585910556.4540] settings: Loaded settings plugin: NMSKeyfilePlugin (internal)
10:42:36,458 DEBUG NetworkManager:<debug> [1585910556.4542] ifcfg-rh: loading from file "/etc/sysconfig/network-scripts/ifcfg-lo"...
10:42:36,459 DEBUG NetworkManager:<debug> [1585910556.4543] ifcfg-rh: loading "/etc/sysconfig/network-scripts/ifcfg-lo" fails: Ignoring loopback device config.
10:42:36,459 INFO NetworkManager:<info>  [1585910556.4563] manager: rfkill: WiFi enabled by radio killswitch; enabled by state file
10:42:36,459 INFO NetworkManager:<info>  [1585910556.4565] manager: rfkill: WWAN enabled by radio killswitch; enabled by state file
10:42:36,459 INFO NetworkManager:<info>  [1585910556.4566] manager: Networking is enabled by state file
10:42:36,460 DEBUG NetworkManager:<debug> [1585910556.4566] dispatcher: (1) dispatching action 'hostname'
10:42:36,460 DEBUG NetworkManager:<debug> [1585910556.4573] dhcp-init: enabled DHCP client 'dhclient' (NMDhcpDhclient)
10:42:36,460 DEBUG NetworkManager:<debug> [1585910556.4573] dhcp-init: enabled DHCP client 'internal' (NMDhcpSystemd)
10:42:36,460 INFO NetworkManager:<info>  [1585910556.4573] dhcp-init: Using DHCP client 'dhclient'
10:42:36,461 DEBUG NetworkManager:<debug> [1585910556.4573] create NMDhcpManager singleton (0x55aa9a689580)
10:42:36,475 INFO nm-dispatcher:req:1 'hostname': new request (4 scripts)
10:42:36,475 DEBUG nm-dispatcher:req:1 'hostname': environment: PATH=/usr/local/sbin:/usr/local/bin:/usr/sbin:/usr/bin
10:42:36,475 DEBUG nm-dispatcher:req:1 'hostname': environment: NM_DISPATCHER_ACTION=hostname
10:42:36,475 INFO nm-dispatcher:req:1 'hostname': start running ordered scripts...
10:42:36,475 DEBUG nm-dispatcher:req:1 'hostname', "/etc/NetworkManager/dispatcher.d/00-netreport": run script
10:42:36,476 DEBUG NetworkManager:<debug> [1585910556.4626] Loaded device plugin: NMBondDeviceFactory (internal)
10:42:36,476 DEBUG NetworkManager:<debug> [1585910556.4626] Loaded device plugin: NMBridgeDeviceFactory (internal)
10:42:36,476 DEBUG NetworkManager:<debug> [1585910556.4626] Loaded device plugin: NMDummyDeviceFactory (internal)
10:42:36,476 DEBUG NetworkManager:<debug> [1585910556.4627] Loaded device plugin: NMEthernetDeviceFactory (internal)
10:42:36,477 DEBUG NetworkManager:<debug> [1585910556.4627] Loaded device plugin: NMInfinibandDeviceFactory (internal)
10:42:36,477 DEBUG NetworkManager:<debug> [1585910556.4627] Loaded device plugin: NMIPTunnelDeviceFactory (internal)
10:42:36,477 DEBUG NetworkManager:<debug> [1585910556.4627] Loaded device plugin: NMMacsecDeviceFactory (internal)
10:42:36,477 DEBUG NetworkManager:<debug> [1585910556.4627] Loaded device plugin: NMMacvlanDeviceFactory (internal)
10:42:36,478 DEBUG NetworkManager:<debug> [1585910556.4628] Loaded device plugin: NMPppDeviceFactory (internal)
10:42:36,478 DEBUG NetworkManager:<debug> [1585910556.4628] Loaded device plugin: NMTunDeviceFactory (internal)
10:42:36,478 DEBUG NetworkManager:<debug> [1585910556.4628] Loaded device plugin: NMVethDeviceFactory (internal)
10:42:36,478 DEBUG NetworkManager:<debug> [1585910556.4628] Loaded device plugin: NMVlanDeviceFactory (internal)
10:42:36,479 DEBUG NetworkManager:<debug> [1585910556.4628] Loaded device plugin: NMVxlanDeviceFactory (internal)
10:42:36,479 INFO NetworkManager:<info>  [1585910556.4725] Loaded device plugin: NMWifiFactory (/usr/lib64/NetworkManager/1.12.0-6.el7/libnm-device-plugin-wifi.so)
10:42:36,500 INFO NetworkManager:<info>  [1585910556.4989] Loaded device plugin: NMTeamFactory (/usr/lib64/NetworkManager/1.12.0-6.el7/libnm-device-plugin-team.so)
10:42:36,501 DEBUG NetworkManager:<debug> [1585910556.5008] device[0x55aa9a668650] (lo): unmanaged: flags set to [platform-init,by-default=0x110/0x110/unmanaged/unrealized], set-unmanaged [by-default=0x100])
10:42:36,501 DEBUG NetworkManager:<debug> [1585910556.5010] device[0x55aa9a668650] (lo): constructed (NMDeviceGeneric)
10:42:36,501 DEBUG NetworkManager:<debug> [1585910556.5010] device[0x55aa9a668650] (lo): start setup of NMDeviceGeneric, kernel ifindex 1
10:42:36,502 DEBUG NetworkManager:<debug> [1585910556.5010] device[0x55aa9a668650] (lo): assume-state: set guess-assume=1, connection=(null)
10:42:36,503 DEBUG NetworkManager:<debug> [1585910556.5023] platform-linux: error reading net:/sys/class/net/lo/phys_port_id: error reading 4096 bytes from file descriptor: Operation not supported
10:42:36,503 DEBUG NetworkManager:<debug> [1585910556.5023] platform-linux: sysctl: reading 'net:/sys/class/net/lo/dev_id': '0x0'
10:42:36,503 DEBUG NetworkManager:<debug> [1585910556.5024] platform-linux: error reading net:/sys/class/net/lo/device/sriov_totalvfs: Failed to open file "device/sriov_totalvfs" with openat: No such file or directory
10:42:36,504 DEBUG NetworkManager:<debug> [1585910556.5025] device[0x55aa9a668650] (lo): hw-addr: hardware address now 00:00:00:00:00:00
10:42:36,504 DEBUG NetworkManager:<debug> [1585910556.5025] device[0x55aa9a668650] (lo): hw-addr: update initial MAC address 00:00:00:00:00:00
10:42:36,504 DEBUG NetworkManager:<debug> [1585910556.5025] device[0x55aa9a668650] (lo): hw-addr: unable to read permanent MAC address (use current: 00:00:00:00:00:00)
10:42:36,504 INFO NetworkManager:<info>  [1585910556.5025] device (lo): carrier: link connected
10:42:36,505 DEBUG NetworkManager:<debug> [1585910556.5025] device[0x55aa9a668650] (lo): unmanaged: flags set to [platform-init,by-default,!external-down=0x110/0x910/unmanaged/unrealized], set-managed [external-down=0x800])
10:42:36,505 DEBUG NetworkManager:<debug> [1585910556.5026] device[0x55aa9a668650] (lo): unmanaged: flags set to [loopback,platform-init,by-default,!external-down=0x118/0x918/unmanaged/unrealized], set-unmanaged [loopback=0x8])
10:42:36,505 DEBUG NetworkManager:<debug> [1585910556.5026] device[0x55aa9a668650] (lo): unmanaged: flags set to [loopback,platform-init,by-default,!user-settings,!external-down=0x118/0x958/unmanaged/unrealized], set-managed [user-settings=0x40])
10:42:36,505 DEBUG NetworkManager:<debug> [1585910556.5026] device[0x55aa9a668650] (lo): unmanaged: flags set to [loopback,by-default,!platform-init,!user-settings,!external-down=0x108/0x958/unmanaged/unrealized], set-managed [platform-init=0x10])
10:42:36,506 DEBUG NetworkManager:<debug> [1585910556.5026] device[0x55aa9a668650] (lo): unmanaged: flags set to [loopback,by-default,!sleeping,!platform-init,!user-settings,!external-down=0x108/0x959/unmanaged/unrealized], set-managed [sleeping=0x1])
10:42:36,514 INFO NetworkManager:<info>  [1585910556.5070] manager: (lo): new Generic device (/org/freedesktop/NetworkManager/Devices/1)
10:42:36,514 DEBUG NetworkManager:<debug> [1585910556.5102] device[0x55aa9a668650] (lo): assume-state: set guess-assume=0, connection=(null)
10:42:36,515 DEBUG NetworkManager:<debug> [1585910556.5103] device[0x55aa9a6b8520] (eth0): constructed (NMDeviceEthernet)
10:42:36,515 DEBUG NetworkManager:<debug> [1585910556.5104] device[0x55aa9a6b8520] (eth0): start setup of NMDeviceEthernet, kernel ifindex 2
10:42:36,515 DEBUG NetworkManager:<debug> [1585910556.5104] device[0x55aa9a6b8520] (eth0): assume-state: set guess-assume=1, connection=(null)
10:42:36,515 DEBUG NetworkManager:<debug> [1585910556.5105] platform-linux: error reading net:/sys/class/net/eth0/phys_port_id: error reading 4096 bytes from file descriptor: Operation not supported
10:42:36,516 DEBUG NetworkManager:<debug> [1585910556.5105] platform-linux: sysctl: reading 'net:/sys/class/net/eth0/dev_id': '0x0'
10:42:36,516 DEBUG NetworkManager:<debug> [1585910556.5106] platform-linux: error reading net:/sys/class/net/eth0/device/sriov_totalvfs: Failed to open file "device/sriov_totalvfs" with openat: No such file or directory
10:42:36,516 DEBUG NetworkManager:<debug> [1585910556.5106] device[0x55aa9a6b8520] (eth0): hw-addr: hardware address now 62:6A:EA:00:50:02
10:42:36,516 DEBUG NetworkManager:<debug> [1585910556.5106] device[0x55aa9a6b8520] (eth0): hw-addr: update initial MAC address 62:6A:EA:00:50:02
10:42:36,517 DEBUG NetworkManager:<debug> [1585910556.5107] device[0x55aa9a6b8520] (eth0): hw-addr: read permanent MAC address '62:6A:EA:00:50:02'
10:42:36,517 DEBUG NetworkManager:<debug> [1585910556.5107] device[0x55aa9a6b8520] (eth0): unmanaged: flags set to [platform-init,!loopback=0x10/0x18/unmanaged/unrealized], set-managed [loopback=0x8])
10:42:36,517 DEBUG NetworkManager:<debug> [1585910556.5107] device[0x55aa9a6b8520] (eth0): unmanaged: flags set to [platform-init,!loopback,!user-settings=0x10/0x58/unmanaged/unrealized], set-managed [user-settings=0x40])
10:42:36,518 DEBUG NetworkManager:<debug> [1585910556.5108] device[0x55aa9a6b8520] (eth0): unmanaged: flags set to [!loopback,!platform-init,!user-settings=0x0/0x58/managed/unrealized], set-managed [platform-init=0x10])
10:42:36,518 DEBUG NetworkManager:<debug> [1585910556.5108] device[0x55aa9a6b8520] (eth0): unmanaged: flags set to [!sleeping,!loopback,!platform-init,!user-settings=0x0/0x59/managed/unrealized], set-managed [sleeping=0x1])
10:42:36,518 INFO NetworkManager:<info>  [1585910556.5117] manager: (eth0): new Ethernet device (/org/freedesktop/NetworkManager/Devices/2)
10:42:36,526 INFO kernel:IPv6: ADDRCONF(NETDEV_UP): eth0: link is not ready
10:42:36,526 INFO kernel:8021q: adding VLAN 0 to HW filter on device eth0
10:42:36,526 DEBUG NetworkManager:<debug> [1585910556.5189] device[0x55aa9a6b8520] (eth0): ip4-config: update (commit=0, new-config=0x55aa9a68a270)
10:42:36,526 DEBUG NetworkManager:<debug> [1585910556.5196] device[0x55aa9a6b8520] (eth0): ip4-config: set IP Config instance (/org/freedesktop/NetworkManager/IP4Config/1)
10:42:36,527 DEBUG NetworkManager:<debug> [1585910556.5202] dns-mgr: (device_ip_config_changed): queueing DNS updates (1)
10:42:36,527 DEBUG NetworkManager:<debug> [1585910556.5202] dns-mgr: (device_ip_config_changed): DNS configuration did not change
10:42:36,527 DEBUG NetworkManager:<debug> [1585910556.5202] dns-mgr: (device_ip_config_changed): no DNS changes to commit (0)
10:42:36,527 DEBUG NetworkManager:<debug> [1585910556.5204] device[0x55aa9a6b8520] (eth0): ip6-config: update (commit=0, new-config=0x55aa9a6be2f0)
10:42:36,528 DEBUG NetworkManager:<debug> [1585910556.5209] device[0x55aa9a6b8520] (eth0): ip6-config: set IP Config instance (/org/freedesktop/NetworkManager/IP6Config/1)
10:42:36,528 DEBUG NetworkManager:<debug> [1585910556.5216] dns-mgr: (device_ip_config_changed): queueing DNS updates (1)
10:42:36,528 DEBUG NetworkManager:<debug> [1585910556.5216] dns-mgr: (device_ip_config_changed): DNS configuration did not change
10:42:36,529 DEBUG NetworkManager:<debug> [1585910556.5216] dns-mgr: (device_ip_config_changed): no DNS changes to commit (0)
10:42:36,529 DEBUG NetworkManager:<debug> [1585910556.5217] device[0x55aa9a6b8520] (eth0): assume-state: set guess-assume=0, connection=(null)
10:42:36,529 DEBUG NetworkManager:<debug> [1585910556.5217] manager: (eth0): assume: cannot generate connection: device has no existing configuration
10:42:36,529 INFO NetworkManager:<info>  [1585910556.5217] device (eth0): state change: unmanaged -> unavailable (reason 'managed', sys-iface-state: 'external')
10:42:36,530 DEBUG NetworkManager:<debug> [1585910556.5222] platform-linux: sysctl: reading '/proc/sys/net/ipv6/conf/eth0/accept_ra': '1'
10:42:36,530 DEBUG NetworkManager:<debug> [1585910556.5222] platform-linux: sysctl: reading '/proc/sys/net/ipv6/conf/eth0/accept_ra_defrtr': '1'
10:42:36,530 DEBUG NetworkManager:<debug> [1585910556.5223] platform-linux: sysctl: reading '/proc/sys/net/ipv6/conf/eth0/accept_ra_pinfo': '1'
10:42:36,553 DEBUG NetworkManager:<debug> [1585910556.5223] platform-linux: sysctl: reading '/proc/sys/net/ipv6/conf/eth0/accept_ra_rtr_pref': '1'
10:42:36,553 DEBUG NetworkManager:<debug> [1585910556.5223] platform-linux: sysctl: reading '/proc/sys/net/ipv6/conf/eth0/forwarding': '0'
10:42:36,555 WARNING systemd:Cannot add dependency job for unit rhel-autorelabel.service, ignoring: Unit is masked.
10:42:36,560 DEBUG NetworkManager:<debug> [1585910556.5224] platform-linux: sysctl: reading '/proc/sys/net/ipv6/conf/eth0/disable_ipv6': '0'
10:42:36,561 WARNING systemd:Cannot add dependency job for unit rhel-autorelabel-mark.service, ignoring: Unit is masked.
10:42:36,561 DEBUG NetworkManager:<debug> [1585910556.5224] platform-linux: sysctl: reading '/proc/sys/net/ipv6/conf/eth0/hop_limit': '64'
10:42:36,579 WARNING systemd:Cannot add dependency job for unit rhel-loadmodules.service, ignoring: Unit is masked.
10:42:36,579 DEBUG NetworkManager:<debug> [1585910556.5224] platform-linux: sysctl: reading '/proc/sys/net/ipv6/conf/eth0/use_tempaddr': '0'
10:42:36,579 WARNING systemd:Cannot add dependency job for unit systemd-tmpfiles-clean.timer, ignoring: Unit is masked.
10:42:36,580 DEBUG NetworkManager:<debug> [1585910556.5224] device[0x55aa9a6b8520] (eth0): will enable userland IPv6LL
10:42:36,580 INFO systemd:Starting Authorization Manager...
10:42:36,580 DEBUG NetworkManager:<debug> [1585910556.5225] platform-linux: link: change 2: user-ipv6ll: set IPv6 address generation mode to none
10:42:36,581 DEBUG NetworkManager:<debug> [1585910556.5226] platform-linux: do-request-link: 2
10:42:36,581 DEBUG NetworkManager:<debug> [1585910556.5226] platform: signal: link changed: 2: eth0 <DOWN;broadcast,multicast> mtu 1500 arp 1 ethernet? init addrgenmode none addr 62:6A:EA:00:50:02 driver virtio_net rx:0,0 tx:0,0
10:42:36,618 DEBUG NetworkManager:<debug> [1585910556.5226] device[0x55aa9a6b8520] (eth0): queued link change for ifindex 2
10:42:36,619 DEBUG NetworkManager:<debug> [1585910556.5227] platform-linux: do-change-link[2]: success changing link: success
10:42:36,619 DEBUG NetworkManager:<debug> [1585910556.5227] platform-linux: sysctl: setting '/proc/sys/net/ipv6/conf/eth0/disable_ipv6' to '1' (current value is '0')
10:42:36,619 DEBUG NetworkManager:<debug> [1585910556.5228] platform-linux: sysctl: setting '/proc/sys/net/ipv6/conf/eth0/disable_ipv6' to '0' (current value is '1')
10:42:36,619 DEBUG NetworkManager:<debug> [1585910556.5229] platform-linux: sysctl: setting '/proc/sys/net/ipv6/conf/eth0/accept_ra_defrtr' to '0' (current value is '1')
10:42:36,620 DEBUG NetworkManager:<debug> [1585910556.5230] platform-linux: sysctl: setting '/proc/sys/net/ipv6/conf/eth0/accept_ra_pinfo' to '0' (current value is '1')
10:42:36,620 DEBUG NetworkManager:<debug> [1585910556.5230] platform-linux: sysctl: setting '/proc/sys/net/ipv6/conf/eth0/accept_ra_rtr_pref' to '0' (current value is '1')
10:42:36,620 DEBUG NetworkManager:<debug> [1585910556.5230] platform-linux: sysctl: setting '/proc/sys/net/ipv6/conf/eth0/use_tempaddr' to '0' (current value is identical)
10:42:36,620 DEBUG NetworkManager:<debug> [1585910556.5231] platform-linux: sysctl: setting '/proc/sys/net/ipv6/conf/eth0/forwarding' to '0' (current value is identical)
10:42:36,621 DEBUG NetworkManager:<debug> [1585910556.5231] device[0x55aa9a6b8520] (eth0): bringing up device 2
10:42:36,621 DEBUG NetworkManager:<debug> [1585910556.5231] platform: link: setting up "eth0" (2)
10:42:36,621 DEBUG NetworkManager:<debug> [1585910556.5231] platform-linux: link: change 2: flags: set 0x1/0x1 ([up] / [up])
10:42:36,621 DEBUG NetworkManager:<debug> [1585910556.5239] platform-linux: do-request-link: 2
10:42:36,622 DEBUG NetworkManager:<debug> [1585910556.5239] platform: signal: link changed: 2: eth0 <UP,LOWER_UP;broadcast,multicast,up,running,lowerup> mtu 1500 arp 1 ethernet? init addrgenmode none addr 62:6A:EA:00:50:02 driver virtio_net rx:458,378305 tx:0,0
10:42:36,622 DEBUG NetworkManager:<debug> [1585910556.5239] platform-linux: kernel-support: RTA_PREF: ability to set router preference for IPv6 routes: detected
10:42:36,622 DEBUG NetworkManager:<debug> [1585910556.5240] platform: signal: route   6   added: table 255 ff00::/8 via :: dev 2 metric 256 mss 0 rt-src rt-boot
10:42:36,640 DEBUG NetworkManager:<debug> [1585910556.5240] platform: signal: link changed: 2: eth0 <UP,LOWER_UP;broadcast,multicast,up,running,lowerup> mtu 1500 arp 1 ethernet? init addrgenmode none addr 62:6A:EA:00:50:02 driver virtio_net rx:678,562057 tx:0,0
10:42:36,640 DEBUG NetworkManager:<debug> [1585910556.5241] platform-linux: do-change-link[2]: success changing link: success
10:42:36,641 INFO systemd:Started Network Manager Wait Online.
10:42:36,641 INFO NetworkManager:<info>  [1585910556.5247] device (eth0): carrier: link connected
10:42:36,641 INFO systemd:Reached target Network is Online.
10:42:36,641 DEBUG NetworkManager:<debug> [1585910556.5248] device[0x55aa9a6b8520] (eth0): add_pending_action (1): 'queued-state-change-disconnected'
10:42:36,642 DEBUG NetworkManager:<debug> [1585910556.5248] device[0x55aa9a6b8520] (eth0): queue-state[disconnected, reason:carrier-changed, id:29]: queue state change
10:42:36,642 DEBUG NetworkManager:<debug> [1585910556.5248] device[0x55aa9a6b8520] (eth0): preparing device
10:42:36,642 DEBUG NetworkManager:<debug> [1585910556.5248] device[0x55aa9a6b8520] (eth0): queue-state[disconnected, reason:carrier-changed, id:29]: clear queued state change
10:42:36,642 DEBUG NetworkManager:<debug> [1585910556.5249] device[0x55aa9a6b8520] (eth0): remove_pending_action (0): 'queued-state-change-disconnected'
10:42:36,643 DEBUG NetworkManager:<debug> [1585910556.5249] device[0x55aa9a6b8520] (eth0): clearing queued IP4 config change
10:42:36,643 DEBUG NetworkManager:<debug> [1585910556.5249] device[0x55aa9a6b8520] (eth0): clearing queued IP6 config change
10:42:36,643 DEBUG NetworkManager:<debug> [1585910556.5249] platform-linux: sysctl: setting '/proc/sys/net/ipv6/conf/eth0/accept_ra' to '0' (current value is '1')
10:42:36,643 DEBUG NetworkManager:<debug> [1585910556.5251] platform-linux: sysctl: setting '/proc/sys/net/ipv6/conf/eth0/use_tempaddr' to '0' (current value is identical)
10:42:36,643 DEBUG NetworkManager:<debug> [1585910556.5251] platform: ip6-route: delete table 255 ff00::/8 via :: dev 2 metric 256 mss 0 rt-src rt-boot
10:42:36,644 DEBUG NetworkManager:<debug> [1585910556.5252] platform: signal: route   6 removed: table 255 ff00::/8 via :: dev 2 metric 256 mss 0 rt-src rt-boot
10:42:36,644 DEBUG NetworkManager:<debug> [1585910556.5252] device[0x55aa9a6b8520] (eth0): queued IP6 config change
10:42:36,644 DEBUG NetworkManager:<debug> [1585910556.5252] platform-linux: do-delete-ip6-route[table 255 ff00::/8 via :: dev 2 metric 256 mss 0 rt-src rt-boot]: success
10:42:36,644 DEBUG NetworkManager:<debug> [1585910556.5252] device[0x55aa9a6b8520] (eth0): ip4-config: update (commit=1, new-config=(nil))
10:42:36,645 DEBUG NetworkManager:<debug> [1585910556.5252] device[0x55aa9a6b8520] (eth0): ip4-config: clear IP Config instance (/org/freedesktop/NetworkManager/IP4Config/1)
10:42:36,645 DEBUG NetworkManager:<debug> [1585910556.5258] dns-mgr: (device_ip_config_changed): queueing DNS updates (1)
10:42:36,645 DEBUG NetworkManager:<debug> [1585910556.5258] dns-mgr: (device_ip_config_changed): DNS configuration did not change
10:42:36,645 DEBUG NetworkManager:<debug> [1585910556.5258] dns-mgr: (device_ip_config_changed): no DNS changes to commit (0)
10:42:36,646 DEBUG NetworkManager:<debug> [1585910556.5261] device[0x55aa9a6b8520] (eth0): ip6-config: update (commit=1, new-config=(nil))
10:42:36,646 DEBUG NetworkManager:<debug> [1585910556.5262] device[0x55aa9a6b8520] (eth0): ip6-config: clear IP Config instance (/org/freedesktop/NetworkManager/IP6Config/1)
10:42:36,646 DEBUG NetworkManager:<debug> [1585910556.5315] dns-mgr: (device_ip_config_changed): queueing DNS updates (1)
10:42:36,647 DEBUG NetworkManager:<debug> [1585910556.5315] dns-mgr: (device_ip_config_changed): DNS configuration did not change
10:42:36,647 DEBUG NetworkManager:<debug> [1585910556.5315] dns-mgr: (device_ip_config_changed): no DNS changes to commit (0)
10:42:36,647 DEBUG NetworkManager:<debug> [1585910556.5351] device[0x55aa9a6b8520] (eth0): add_pending_action (1): 'recheck-available'
10:42:36,647 DEBUG NetworkManager:<debug> [1585910556.5383] device[0x55aa9a6b8520] (eth0): connectivity state changed from UNKNOWN to NONE
10:42:36,648 DEBUG NetworkManager:<debug> [1585910556.5383] manager: connectivity checking indicates NONE
10:42:36,648 DEBUG NetworkManager:<debug> [1585910556.5389] dispatcher: (2) dispatching action 'connectivity-change'
10:42:36,649 DEBUG NetworkManager:<debug> [1585910556.5399] create NMVpnManager singleton (0x7f2f04004590)
10:42:36,649 DEBUG NetworkManager:<debug> [1585910556.5400] manager: creating virtual devices...
10:42:36,649 INFO nm-dispatcher:req:2 'connectivity-change': new request (4 scripts)
10:42:36,649 DEBUG NetworkManager:<debug> [1585910556.5400] setting up local loopback
10:42:36,650 DEBUG nm-dispatcher:req:2 'connectivity-change': environment: CONNECTIVITY_STATE=NONE
10:42:36,650 DEBUG nm-dispatcher:req:2 'connectivity-change': environment: PATH=/usr/local/sbin:/usr/local/bin:/usr/sbin:/usr/bin
10:42:36,650 DEBUG nm-dispatcher:req:2 'connectivity-change': environment: NM_DISPATCHER_ACTION=connectivity-change
10:42:36,650 DEBUG NetworkManager:<debug> [1585910556.5401] platform: link: setting up "lo" (1)
10:42:36,651 DEBUG NetworkManager:<debug> [1585910556.5401] platform-linux: link: change 1: flags: set 0x1/0x1 ([up] / [up])
10:42:36,651 DEBUG NetworkManager:<debug> [1585910556.5402] platform-linux: do-request-link: 1
10:42:36,651 DEBUG NetworkManager:<debug> [1585910556.5403] platform-linux: do-change-link[1]: success changing link: success
10:42:36,651 NOTICE dbus:[system] Activating via systemd: service name='org.freedesktop.PolicyKit1' unit='polkit.service'
10:42:36,652 DEBUG NetworkManager:<debug> [1585910556.5487] sleep-monitor-sd: inhibit: taking sleep inhibitor...
10:42:36,652 DEBUG NetworkManager:<debug> [1585910556.5542] ifcfg-rh: dbus: acquired D-Bus service com.redhat.ifcfgrh1 and exported /com/redhat/ifcfgrh1 object
10:42:36,652 DEBUG NetworkManager:<debug> [1585910556.5542] sleep-monitor-sd: inhibit: inhibitor fd is 16
10:42:36,652 DEBUG NetworkManager:<debug> [1585910556.5542] firewall: firewall initialized (not running)
10:42:36,653 DEBUG NetworkManager:<debug> [1585910556.5544] device[0x55aa9a668650] (lo): ip4-config: update (commit=0, new-config=0x55aa9a68a140)
10:42:36,653 DEBUG NetworkManager:<debug> [1585910556.5553] device[0x55aa9a668650] (lo): ip4-config: set IP Config instance (/org/freedesktop/NetworkManager/IP4Config/2)
10:42:36,653 DEBUG NetworkManager:<debug> [1585910556.5568] dns-mgr: (device_ip_config_changed): queueing DNS updates (1)
10:42:36,653 DEBUG NetworkManager:<debug> [1585910556.5569] dns-mgr: (device_ip_config_changed): DNS configuration did not change
10:42:36,654 DEBUG NetworkManager:<debug> [1585910556.5569] dns-mgr: (device_ip_config_changed): no DNS changes to commit (0)
10:42:36,654 DEBUG NetworkManager:<debug> [1585910556.5569] device[0x55aa9a668650] (lo): ip6-config: update (commit=0, new-config=0x55aa9a6be620)
10:42:36,654 DEBUG NetworkManager:<debug> [1585910556.5622] device[0x55aa9a668650] (lo): ip6-config: set IP Config instance (/org/freedesktop/NetworkManager/IP6Config/2)
10:42:36,654 DEBUG NetworkManager:<debug> [1585910556.5776] dns-mgr: (device_ip_config_changed): queueing DNS updates (1)
10:42:36,655 DEBUG NetworkManager:<debug> [1585910556.5777] dns-mgr: (device_ip_config_changed): DNS configuration did not change
10:42:36,655 DEBUG NetworkManager:<debug> [1585910556.5777] dns-mgr: (device_ip_config_changed): no DNS changes to commit (0)
10:42:36,655 DEBUG NetworkManager:<debug> [1585910556.5777] manager: (eth0): assume: cannot generate connection: device has no existing configuration
10:42:36,655 DEBUG NetworkManager:<debug> [1585910556.5783] device[0x55aa9a6b8520] (eth0): ip6-config: update (commit=0, new-config=0x55aa9a6be2f0)
10:42:36,656 DEBUG NetworkManager:<debug> [1585910556.5788] device[0x55aa9a6b8520] (eth0): ip6-config: set IP Config instance (/org/freedesktop/NetworkManager/IP6Config/3)
10:42:36,656 DEBUG NetworkManager:<debug> [1585910556.5962] dns-mgr: (device_ip_config_changed): queueing DNS updates (1)
10:42:36,656 DEBUG NetworkManager:<debug> [1585910556.6131] dns-mgr: (device_ip_config_changed): DNS configuration did not change
10:42:36,656 DEBUG NetworkManager:<debug> [1585910556.6131] dns-mgr: (device_ip_config_changed): no DNS changes to commit (0)
10:42:36,657 DEBUG NetworkManager:<debug> [1585910556.6131] device[0x55aa9a6b8520] (eth0): add_pending_action (2): 'queued-state-change-disconnected'
10:42:36,657 DEBUG NetworkManager:<debug> [1585910556.6131] device[0x55aa9a6b8520] (eth0): queue-state[disconnected, reason:none, id:67]: queue state change
10:42:36,657 DEBUG NetworkManager:<debug> [1585910556.6132] device[0x55aa9a6b8520] (eth0): is available, will transition to disconnected
10:42:36,657 DEBUG NetworkManager:<debug> [1585910556.6132] device[0x55aa9a6b8520] (eth0): remove_pending_action (1): 'recheck-available'
10:42:36,658 DEBUG NetworkManager:<debug> [1585910556.6138] manager: (lo): assume: don't assume because not managed
10:42:36,658 DEBUG NetworkManager:<debug> [1585910556.6138] manager: (eth0): assume: cannot generate connection: device has no existing configuration
10:42:36,658 DEBUG NetworkManager:<debug> [1585910556.6139] device[0x55aa9a6b8520] (eth0): queue-state[disconnected, reason:none, id:67]: change state
10:42:36,658 INFO NetworkManager:<info>  [1585910556.6139] device (eth0): state change: unavailable -> disconnected (reason 'none', sys-iface-state: 'managed')
10:42:36,659 DEBUG NetworkManager:<debug> [1585910556.6139] device[0x55aa9a6b8520] (eth0): will enable userland IPv6LL
10:42:36,659 DEBUG NetworkManager:<debug> [1585910556.6139] platform-linux: link: change 2: user-ipv6ll: set IPv6 address generation mode to none
10:42:36,659 DEBUG NetworkManager:<debug> [1585910556.6140] platform-linux: do-request-link: 2
10:42:36,659 DEBUG NetworkManager:<debug> [1585910556.6141] platform: signal: link changed: 2: eth0 <UP,LOWER_UP;broadcast,multicast,up,running,lowerup> mtu 1500 arp 1 ethernet? init addrgenmode none addr 62:6A:EA:00:50:02 driver virtio_net rx:1319,1075840 tx:0,0
10:42:36,660 DEBUG NetworkManager:<debug> [1585910556.6141] device[0x55aa9a6b8520] (eth0): queued link change for ifindex 2
10:42:36,660 DEBUG NetworkManager:<debug> [1585910556.6141] platform-linux: do-change-link[2]: success changing link: success
10:42:36,660 DEBUG NetworkManager:<debug> [1585910556.6144] platform-linux: sysctl: setting '/proc/sys/net/ipv6/conf/eth0/disable_ipv6' to '1' (current value is '0')
10:42:36,660 DEBUG NetworkManager:<debug> [1585910556.6146] platform-linux: sysctl: setting '/proc/sys/net/ipv6/conf/eth0/disable_ipv6' to '0' (current value is '1')
10:42:36,661 DEBUG NetworkManager:<debug> [1585910556.6148] platform-linux: sysctl: setting '/proc/sys/net/ipv6/conf/eth0/accept_ra_defrtr' to '0' (current value is identical)
10:42:36,661 DEBUG NetworkManager:<debug> [1585910556.6148] platform-linux: sysctl: setting '/proc/sys/net/ipv6/conf/eth0/accept_ra_pinfo' to '0' (current value is identical)
10:42:36,661 DEBUG NetworkManager:<debug> [1585910556.6149] platform-linux: sysctl: setting '/proc/sys/net/ipv6/conf/eth0/accept_ra_rtr_pref' to '0' (current value is identical)
10:42:36,661 DEBUG NetworkManager:<debug> [1585910556.6150] platform-linux: sysctl: setting '/proc/sys/net/ipv6/conf/eth0/use_tempaddr' to '0' (current value is identical)
10:42:36,662 DEBUG NetworkManager:<debug> [1585910556.6150] platform-linux: sysctl: setting '/proc/sys/net/ipv6/conf/eth0/forwarding' to '0' (current value is identical)
10:42:36,662 DEBUG NetworkManager:<debug> [1585910556.6174] device[0x55aa9a6b8520] (eth0): add_pending_action (2): 'autoactivate'
10:42:36,662 DEBUG NetworkManager:<debug> [1585910556.6174] device[0x55aa9a6b8520] (eth0): remove_pending_action (1): 'queued-state-change-disconnected'
10:42:36,662 DEBUG NetworkManager:<debug> [1585910556.6175] platform: signal: route   6   added: table 255 ff00::/8 via :: dev 2 metric 256 mss 0 rt-src rt-boot
10:42:36,663 DEBUG NetworkManager:<debug> [1585910556.6175] device[0x55aa9a6b8520] (eth0): queued IP6 config change
10:42:36,663 DEBUG NetworkManager:<debug> [1585910556.6182] device[0x55aa9a6b8520] (eth0): remove_pending_action (0): 'autoactivate'
10:42:36,663 DEBUG NetworkManager:<debug> [1585910556.6182] device[0x55aa9a6b8520] (eth0): ip6-config: update (commit=0, new-config=0x55aa9a6be730)
10:42:36,664 DEBUG NetworkManager:<debug> [1585910556.6236] device[0x55aa9a6b8520] (eth0): ip6-config: update IP Config instance (/org/freedesktop/NetworkManager/IP6Config/3)
10:42:36,664 DEBUG NetworkManager:<debug> [1585910556.6236] dns-mgr: (device_ip_config_changed): queueing DNS updates (1)
10:42:36,664 DEBUG NetworkManager:<debug> [1585910556.6236] dns-mgr: (device_ip_config_changed): DNS configuration did not change
10:42:36,664 DEBUG NetworkManager:<debug> [1585910556.6236] dns-mgr: (device_ip_config_changed): no DNS changes to commit (0)
10:42:36,665 DEBUG NetworkManager:<debug> [1585910556.6237] manager: (eth0): assume: cannot generate connection: device has no existing configuration
10:42:36,665 INFO NetworkManager:<info>  [1585910556.6237] manager: startup complete
10:42:36,665 DEBUG nm-dispatcher:req:1 'hostname', "/etc/NetworkManager/dispatcher.d/00-netreport": complete
10:42:36,665 DEBUG nm-dispatcher:req:1 'hostname', "/etc/NetworkManager/dispatcher.d/04-iscsi": run script
10:42:36,691 INFO systemd:Starting System Logging Service...
10:42:36,703 DEBUG nm-dispatcher:req:1 'hostname', "/etc/NetworkManager/dispatcher.d/04-iscsi": complete
10:42:36,703 DEBUG nm-dispatcher:req:1 'hostname', "/etc/NetworkManager/dispatcher.d/11-dhclient": run script
10:42:36,776 INFO polkitd:Started polkitd version 0.112
10:42:36,882 DEBUG nm-dispatcher:req:1 'hostname', "/etc/NetworkManager/dispatcher.d/11-dhclient": complete
10:42:36,883 DEBUG nm-dispatcher:req:1 'hostname', "/etc/NetworkManager/dispatcher.d/20-chrony": run script
10:42:36,977 INFO rsyslogd: [origin software="rsyslogd" swVersion="8.24.0-34.el7" x-pid="4015" x-info="http://www.rsyslog.com"] start
10:42:36,978 INFO systemd:Started System Logging Service.
10:42:36,978 INFO systemd:Reached target Anaconda System Services.
